Archive member included to satisfy reference by file (symbol)

c:/program files (x86)/atmel/studio/7.0/toolchain/arm/arm-gnu-toolchain/bin/../lib/gcc/arm-none-eabi/6.2.1/thumb/v6-m\libgcc.a(_udivsi3.o)
                              src/ASF/common2/services/delay/sam0/systick_counter.o (__aeabi_uidiv)
c:/program files (x86)/atmel/studio/7.0/toolchain/arm/arm-gnu-toolchain/bin/../lib/gcc/arm-none-eabi/6.2.1/thumb/v6-m\libgcc.a(_dvmd_tls.o)
                              c:/program files (x86)/atmel/studio/7.0/toolchain/arm/arm-gnu-toolchain/bin/../lib/gcc/arm-none-eabi/6.2.1/thumb/v6-m\libgcc.a(_udivsi3.o) (__aeabi_idiv0)
c:/program files (x86)/atmel/studio/7.0/toolchain/arm/arm-gnu-toolchain/bin/../lib/gcc/arm-none-eabi/6.2.1/../../../../arm-none-eabi/lib/thumb/v6-m\libc_nano.a(lib_a-exit.o)
                              c:/program files (x86)/atmel/studio/7.0/toolchain/arm/arm-gnu-toolchain/bin/../lib/gcc/arm-none-eabi/6.2.1/../../../../arm-none-eabi/lib/thumb/v6-m/crt0.o (exit)
c:/program files (x86)/atmel/studio/7.0/toolchain/arm/arm-gnu-toolchain/bin/../lib/gcc/arm-none-eabi/6.2.1/../../../../arm-none-eabi/lib/thumb/v6-m\libc_nano.a(lib_a-impure.o)
                              c:/program files (x86)/atmel/studio/7.0/toolchain/arm/arm-gnu-toolchain/bin/../lib/gcc/arm-none-eabi/6.2.1/../../../../arm-none-eabi/lib/thumb/v6-m\libc_nano.a(lib_a-exit.o) (_global_impure_ptr)
c:/program files (x86)/atmel/studio/7.0/toolchain/arm/arm-gnu-toolchain/bin/../lib/gcc/arm-none-eabi/6.2.1/../../../../arm-none-eabi/lib/thumb/v6-m\libc_nano.a(lib_a-init.o)
                              c:/program files (x86)/atmel/studio/7.0/toolchain/arm/arm-gnu-toolchain/bin/../lib/gcc/arm-none-eabi/6.2.1/../../../../arm-none-eabi/lib/thumb/v6-m/crt0.o (__libc_init_array)
c:/program files (x86)/atmel/studio/7.0/toolchain/arm/arm-gnu-toolchain/bin/../lib/gcc/arm-none-eabi/6.2.1/../../../../arm-none-eabi/lib/thumb/v6-m\libc_nano.a(lib_a-memset.o)
                              c:/program files (x86)/atmel/studio/7.0/toolchain/arm/arm-gnu-toolchain/bin/../lib/gcc/arm-none-eabi/6.2.1/../../../../arm-none-eabi/lib/thumb/v6-m/crt0.o (memset)

Allocating common symbols
Common symbol       size              file

tc_instance_ds      0x1c              src/timer.o
_tc_instances       0x8               src/ASF/sam0/drivers/tc/tc_interrupt.o
_extint_dev         0x40              src/ASF/sam0/drivers/extint/extint_sam_d_r_h/extint.o
_dac_instances      0x4               src/ASF/sam0/drivers/dac/dac_sam_d_c_h/dac_callback.o
_current_channel    0x1               src/ASF/sam0/drivers/extint/extint_callback.o

Discarded input sections

 .text          0x00000000        0x0 c:/program files (x86)/atmel/studio/7.0/toolchain/arm/arm-gnu-toolchain/bin/../lib/gcc/arm-none-eabi/6.2.1/thumb/v6-m/crti.o
 .data          0x00000000        0x0 c:/program files (x86)/atmel/studio/7.0/toolchain/arm/arm-gnu-toolchain/bin/../lib/gcc/arm-none-eabi/6.2.1/thumb/v6-m/crti.o
 .bss           0x00000000        0x0 c:/program files (x86)/atmel/studio/7.0/toolchain/arm/arm-gnu-toolchain/bin/../lib/gcc/arm-none-eabi/6.2.1/thumb/v6-m/crti.o
 .data          0x00000000        0x4 c:/program files (x86)/atmel/studio/7.0/toolchain/arm/arm-gnu-toolchain/bin/../lib/gcc/arm-none-eabi/6.2.1/thumb/v6-m/crtbegin.o
 .text          0x00000000       0x78 c:/program files (x86)/atmel/studio/7.0/toolchain/arm/arm-gnu-toolchain/bin/../lib/gcc/arm-none-eabi/6.2.1/../../../../arm-none-eabi/lib/thumb/v6-m/crt0.o
 .data          0x00000000        0x0 c:/program files (x86)/atmel/studio/7.0/toolchain/arm/arm-gnu-toolchain/bin/../lib/gcc/arm-none-eabi/6.2.1/../../../../arm-none-eabi/lib/thumb/v6-m/crt0.o
 .bss           0x00000000        0x0 c:/program files (x86)/atmel/studio/7.0/toolchain/arm/arm-gnu-toolchain/bin/../lib/gcc/arm-none-eabi/6.2.1/../../../../arm-none-eabi/lib/thumb/v6-m/crt0.o
 .ARM.extab     0x00000000        0x0 c:/program files (x86)/atmel/studio/7.0/toolchain/arm/arm-gnu-toolchain/bin/../lib/gcc/arm-none-eabi/6.2.1/../../../../arm-none-eabi/lib/thumb/v6-m/crt0.o
 .ARM.exidx     0x00000000        0x8 c:/program files (x86)/atmel/studio/7.0/toolchain/arm/arm-gnu-toolchain/bin/../lib/gcc/arm-none-eabi/6.2.1/../../../../arm-none-eabi/lib/thumb/v6-m/crt0.o
 .ARM.attributes
                0x00000000       0x1b c:/program files (x86)/atmel/studio/7.0/toolchain/arm/arm-gnu-toolchain/bin/../lib/gcc/arm-none-eabi/6.2.1/../../../../arm-none-eabi/lib/thumb/v6-m/crt0.o
 .group         0x00000000        0x8 src/ASF/sam0/drivers/dac/dac_sam_d_c_h/dac.o
 .group         0x00000000        0x8 src/ASF/sam0/drivers/dac/dac_sam_d_c_h/dac.o
 .group         0x00000000        0x8 src/ASF/sam0/drivers/dac/dac_sam_d_c_h/dac.o
 .group         0x00000000        0x8 src/ASF/sam0/drivers/dac/dac_sam_d_c_h/dac.o
 .group         0x00000000        0x8 src/ASF/sam0/drivers/dac/dac_sam_d_c_h/dac.o
 .group         0x00000000        0x8 src/ASF/sam0/drivers/dac/dac_sam_d_c_h/dac.o
[...]
Memory Configuration

Name             Origin             Length             Attributes
rom              0x00000000         0x00002000         xr
ram              0x20000000         0x00001000         xrw
*default*        0x00000000         0xffffffff

Linker script and memory map

LOAD c:/program files (x86)/atmel/studio/7.0/toolchain/arm/arm-gnu-toolchain/bin/../lib/gcc/arm-none-eabi/6.2.1/thumb/v6-m/crti.o
LOAD c:/program files (x86)/atmel/studio/7.0/toolchain/arm/arm-gnu-toolchain/bin/../lib/gcc/arm-none-eabi/6.2.1/thumb/v6-m/crtbegin.o
LOAD c:/program files (x86)/atmel/studio/7.0/toolchain/arm/arm-gnu-toolchain/bin/../lib/gcc/arm-none-eabi/6.2.1/../../../../arm-none-eabi/lib/thumb/v6-m/crt0.o
LOAD src/ASF/sam0/drivers/dac/dac_sam_d_c_h/dac.o
LOAD src/ASF/sam0/drivers/dac/dac_sam_d_c_h/dac_callback.o
LOAD src/ASF/sam0/drivers/extint/extint_sam_d_r_h/extint.o
LOAD src/test.o
LOAD src/ASF/sam0/drivers/extint/extint_callback.o
LOAD src/ASF/sam0/drivers/tc/tc_sam_d_r_h/tc.o
LOAD src/dacc.o
LOAD src/timer.o
LOAD src/timer_control.o
LOAD src/ASF/sam0/drivers/tc/tc_interrupt.o
LOAD src/ASF/common2/services/delay/sam0/systick_counter.o
LOAD src/ASF/sam0/drivers/port/port.o
LOAD src/ASF/common2/boards/user_board/init.o
LOAD src/ASF/common/utils/interrupt/interrupt_sam_nvic.o
LOAD src/ASF/sam0/drivers/system/clock/clock_samd09_d10_d11/clock.o
LOAD src/ASF/sam0/drivers/system/clock/clock_samd09_d10_d11/gclk.o
LOAD src/ASF/sam0/drivers/system/interrupt/system_interrupt.o
LOAD src/ASF/sam0/drivers/system/pinmux/pinmux.o
LOAD src/ASF/sam0/drivers/system/system.o
LOAD src/ASF/sam0/utils/cmsis/samd10/source/gcc/startup_samd10.o
LOAD src/ASF/sam0/utils/cmsis/samd10/source/system_samd10.o
LOAD src/ASF/sam0/utils/syscalls/gcc/syscalls.o
LOAD src/main.o
START GROUP
LOAD ../src/ASF/thirdparty/CMSIS/Lib/GCC\libarm_cortexM0l_math.a
LOAD c:/program files (x86)/atmel/studio/7.0/toolchain/arm/arm-gnu-toolchain/bin/../lib/gcc/arm-none-eabi/6.2.1/../../../../arm-none-eabi/lib/thumb/v6-m\libm.a
END GROUP
START GROUP
LOAD c:/program files (x86)/atmel/studio/7.0/toolchain/arm/arm-gnu-toolchain/bin/../lib/gcc/arm-none-eabi/6.2.1/thumb/v6-m\libgcc.a
LOAD c:/program files (x86)/atmel/studio/7.0/toolchain/arm/arm-gnu-toolchain/bin/../lib/gcc/arm-none-eabi/6.2.1/../../../../arm-none-eabi/lib/thumb/v6-m\libc_nano.a
END GROUP
START GROUP
LOAD c:/program files (x86)/atmel/studio/7.0/toolchain/arm/arm-gnu-toolchain/bin/../lib/gcc/arm-none-eabi/6.2.1/thumb/v6-m\libgcc.a
LOAD c:/program files (x86)/atmel/studio/7.0/toolchain/arm/arm-gnu-toolchain/bin/../lib/gcc/arm-none-eabi/6.2.1/../../../../arm-none-eabi/lib/thumb/v6-m\libc_nano.a
END GROUP
LOAD c:/program files (x86)/atmel/studio/7.0/toolchain/arm/arm-gnu-toolchain/bin/../lib/gcc/arm-none-eabi/6.2.1/thumb/v6-m/crtend.o
LOAD c:/program files (x86)/atmel/studio/7.0/toolchain/arm/arm-gnu-toolchain/bin/../lib/gcc/arm-none-eabi/6.2.1/thumb/v6-m/crtn.o
                0x00000400                STACK_SIZE = DEFINED (STACK_SIZE)?STACK_SIZE:DEFINED (__stack_size__)?__stack_size__:0x400

.text           0x00000000     0x12e4
                0x00000000                . = ALIGN (0x4)
                0x00000000                _sfixed = .
 *(.vectors .vectors.*)
 .vectors       0x00000000       0x8c src/ASF/sam0/utils/cmsis/samd10/source/gcc/startup_samd10.o
                0x00000000                exception_table
 *(.text .text.* .gnu.linkonce.t.*)
 .text          0x0000008c       0x60 c:/program files (x86)/atmel/studio/7.0/toolchain/arm/arm-gnu-toolchain/bin/../lib/gcc/arm-none-eabi/6.2.1/thumb/v6-m/crtbegin.o
 .text.DAC_Handler
                0x000000ec       0xa8 src/ASF/sam0/drivers/dac/dac_sam_d_c_h/dac_callback.o
                0x000000ec                DAC_Handler
 .text._extint_enable
                0x00000194       0x18 src/ASF/sam0/drivers/extint/extint_sam_d_r_h/extint.o
 .text._system_extint_init
                0x000001ac       0x6c src/ASF/sam0/drivers/extint/extint_sam_d_r_h/extint.o
                0x000001ac                _system_extint_init
 .text.extint_chan_get_config_defaults
                0x00000218       0x14 src/ASF/sam0/drivers/extint/extint_sam_d_r_h/extint.o
                0x00000218                extint_chan_get_config_defaults
 .text.extint_chan_set_config
                0x0000022c       0x78 src/ASF/sam0/drivers/extint/extint_sam_d_r_h/extint.o
                0x0000022c                extint_chan_set_config
 .text.test     0x000002a4       0x38 src/test.o
                0x000002a4                test
 .text.extint_register_callback
                0x000002dc       0x2c src/ASF/sam0/drivers/extint/extint_callback.o
                0x000002dc                extint_register_callback
 .text.extint_chan_enable_callback
                0x00000308       0x20 src/ASF/sam0/drivers/extint/extint_callback.o
                0x00000308                extint_chan_enable_callback
 .text.EIC_Handler
                0x00000328       0x54 src/ASF/sam0/drivers/extint/extint_callback.o
                0x00000328                EIC_Handler
 .text._tc_get_inst_index
                0x0000037c       0x24 src/ASF/sam0/drivers/tc/tc_sam_d_r_h/tc.o
                0x0000037c                _tc_get_inst_index
 .text.tc_init  0x000003a0      0x230 src/ASF/sam0/drivers/tc/tc_sam_d_r_h/tc.o
                0x000003a0                tc_init
 .text.tc_set_count_value
                0x000005d0       0x32 src/ASF/sam0/drivers/tc/tc_sam_d_r_h/tc.o
                0x000005d0                tc_set_count_value
 .text.tc_get_count_value
                0x00000602       0x2c src/ASF/sam0/drivers/tc/tc_sam_d_r_h/tc.o
                0x00000602                tc_get_count_value
 *fill*         0x0000062e        0x2 
 .text.tc_callback_trigger
                0x00000630       0x2c src/timer.o
                0x00000630                tc_callback_trigger
 .text.echo_detection_callback
                0x0000065c       0x4c src/timer.o
                0x0000065c                echo_detection_callback
 .text.config_pins_ds
                0x000006a8       0x34 src/timer.o
                0x000006a8                config_pins_ds
 .text.config_tc1_ds
                0x000006dc       0x50 src/timer.o
                0x000006dc                config_tc1_ds
 .text.tc1_callbacks_ds
                0x0000072c       0x1c src/timer.o
                0x0000072c                tc1_callbacks_ds
 .text.enable_tc1_ds
                0x00000748       0x50 src/timer.o
                0x00000748                enable_tc1_ds
 .text.config_extint_channel_ds
                0x00000798       0x34 src/timer.o
                0x00000798                config_extint_channel_ds
 .text.config_extint_callbacks_ds
                0x000007cc       0x18 src/timer.o
                0x000007cc                config_extint_callbacks_ds
 .text.config_extint_ds
                0x000007e4       0x14 src/timer.o
                0x000007e4                config_extint_ds
 .text.enable_extint_ds
                0x000007f8       0x10 src/timer.o
                0x000007f8                enable_extint_ds
 .text.config_pins_timer_ds
                0x00000808       0x1c src/timer.o
                0x00000808                config_pins_timer_ds
 .text.config_ds
                0x00000824       0x24 src/timer.o
                0x00000824                config_ds
 .text.read_ds_digital
                0x00000848       0x20 src/timer_control.o
                0x00000848                read_ds_digital
 .text.filter_digital
                0x00000868       0x60 src/timer_control.o
                0x00000868                filter_digital
 .text.tc_register_callback
                0x000008c8       0x32 src/ASF/sam0/drivers/tc/tc_interrupt.o
                0x000008c8                tc_register_callback
 *fill*         0x000008fa        0x2 
 .text._tc_interrupt_handler
                0x000008fc       0x64 src/ASF/sam0/drivers/tc/tc_interrupt.o
                0x000008fc                _tc_interrupt_handler
 .text.TC1_Handler
                0x00000960       0x10 src/ASF/sam0/drivers/tc/tc_interrupt.o
                0x00000960                TC1_Handler
 .text.TC2_Handler
                0x00000970       0x10 src/ASF/sam0/drivers/tc/tc_interrupt.o
                0x00000970                TC2_Handler
 .text.delay_init
                0x00000980       0x40 src/ASF/common2/services/delay/sam0/systick_counter.o
                0x00000980                delay_init
 .text.delay_cycles_us
                0x000009c0       0x2c src/ASF/common2/services/delay/sam0/systick_counter.o
                0x000009c0                delay_cycles_us
 .text.port_pin_set_config
                0x000009ec       0x24 src/ASF/sam0/drivers/port/port.o
                0x000009ec                port_pin_set_config
 .text.system_board_init
                0x00000a10        0x2 src/ASF/common2/boards/user_board/init.o
                0x00000a10                board_init
                0x00000a10                system_board_init
 *fill*         0x00000a12        0x2 
 .text.cpu_irq_enter_critical
                0x00000a14       0x40 src/ASF/common/utils/interrupt/interrupt_sam_nvic.o
                0x00000a14                cpu_irq_enter_critical
 .text.cpu_irq_leave_critical
                0x00000a54       0x30 src/ASF/common/utils/interrupt/interrupt_sam_nvic.o
                0x00000a54                cpu_irq_leave_critical
 .text.system_clock_source_get_hz
                0x00000a84       0x90 src/ASF/sam0/drivers/system/clock/clock_samd09_d10_d11/clock.o
                0x00000a84                system_clock_source_get_hz
 .text.system_clock_source_osc8m_set_config
                0x00000b14       0x3c src/ASF/sam0/drivers/system/clock/clock_samd09_d10_d11/clock.o
                0x00000b14                system_clock_source_osc8m_set_config
 .text.system_clock_source_enable
                0x00000b50       0xa8 src/ASF/sam0/drivers/system/clock/clock_samd09_d10_d11/clock.o
                0x00000b50                system_clock_source_enable
 .text.system_clock_init
                0x00000bf8       0x98 src/ASF/sam0/drivers/system/clock/clock_samd09_d10_d11/clock.o
                0x00000bf8                system_clock_init
 .text.system_gclk_init
                0x00000c90       0x24 src/ASF/sam0/drivers/system/clock/clock_samd09_d10_d11/gclk.o
                0x00000c90                system_gclk_init
 .text.system_gclk_gen_set_config
                0x00000cb4       0xb8 src/ASF/sam0/drivers/system/clock/clock_samd09_d10_d11/gclk.o
                0x00000cb4                system_gclk_gen_set_config
 .text.system_gclk_gen_enable
                0x00000d6c       0x44 src/ASF/sam0/drivers/system/clock/clock_samd09_d10_d11/gclk.o
                0x00000d6c                system_gclk_gen_enable
 .text.system_gclk_gen_get_hz
                0x00000db0       0x8c src/ASF/sam0/drivers/system/clock/clock_samd09_d10_d11/gclk.o
                0x00000db0                system_gclk_gen_get_hz
 .text.system_gclk_chan_enable
                0x00000e3c       0x30 src/ASF/sam0/drivers/system/clock/clock_samd09_d10_d11/gclk.o
                0x00000e3c                system_gclk_chan_enable
 .text.system_gclk_chan_disable
                0x00000e6c       0x5c src/ASF/sam0/drivers/system/clock/clock_samd09_d10_d11/gclk.o
                0x00000e6c                system_gclk_chan_disable
 .text.system_gclk_chan_set_config
                0x00000ec8       0x1c src/ASF/sam0/drivers/system/clock/clock_samd09_d10_d11/gclk.o
                0x00000ec8                system_gclk_chan_set_config
 .text.system_gclk_chan_get_hz
                0x00000ee4       0x34 src/ASF/sam0/drivers/system/clock/clock_samd09_d10_d11/gclk.o
                0x00000ee4                system_gclk_chan_get_hz
 .text._system_pinmux_config
                0x00000f18       0xa8 src/ASF/sam0/drivers/system/pinmux/pinmux.o
 .text.system_pinmux_pin_set_config
                0x00000fc0       0x30 src/ASF/sam0/drivers/system/pinmux/pinmux.o
                0x00000fc0                system_pinmux_pin_set_config
 .text._system_dummy_init
                0x00000ff0        0x2 src/ASF/sam0/drivers/system/system.o
                0x00000ff0                _system_events_init
                0x00000ff0                _system_dummy_init
                0x00000ff0                _system_divas_init
 *fill*         0x00000ff2        0x2 
 .text.system_init
                0x00000ff4       0x2c src/ASF/sam0/drivers/system/system.o
                0x00000ff4                system_init
 .text.Dummy_Handler
                0x00001020        0x2 src/ASF/sam0/utils/cmsis/samd10/source/gcc/startup_samd10.o
                0x00001020                DMAC_Handler
                0x00001020                HardFault_Handler
                0x00001020                AC_Handler
                0x00001020                SysTick_Handler
                0x00001020                PendSV_Handler
                0x00001020                NMI_Handler
                0x00001020                SERCOM1_Handler
                0x00001020                ADC_Handler
                0x00001020                TCC0_Handler
                0x00001020                RTC_Handler
                0x00001020                WDT_Handler
                0x00001020                Dummy_Handler
                0x00001020                PM_Handler
                0x00001020                SVC_Handler
                0x00001020                EVSYS_Handler
                0x00001020                NVMCTRL_Handler
                0x00001020                SERCOM0_Handler
                0x00001020                PTC_Handler
                0x00001020                SYSCTRL_Handler
 *fill*         0x00001022        0x2 
 .text.Reset_Handler
                0x00001024       0xd0 src/ASF/sam0/utils/cmsis/samd10/source/gcc/startup_samd10.o
                0x00001024                Reset_Handler
 .text.main     0x000010f4       0x24 src/main.o
                0x000010f4                main
 .text          0x00001118      0x114 c:/program files (x86)/atmel/studio/7.0/toolchain/arm/arm-gnu-toolchain/bin/../lib/gcc/arm-none-eabi/6.2.1/thumb/v6-m\libgcc.a(_udivsi3.o)
                0x00001118                __aeabi_uidiv
                0x00001118                __udivsi3
                0x00001224                __aeabi_uidivmod
 .text          0x0000122c        0x4 c:/program files (x86)/atmel/studio/7.0/toolchain/arm/arm-gnu-toolchain/bin/../lib/gcc/arm-none-eabi/6.2.1/thumb/v6-m\libgcc.a(_dvmd_tls.o)
                0x0000122c                __aeabi_idiv0
                0x0000122c                __aeabi_ldiv0
 .text.__libc_init_array
                0x00001230       0x48 c:/program files (x86)/atmel/studio/7.0/toolchain/arm/arm-gnu-toolchain/bin/../lib/gcc/arm-none-eabi/6.2.1/../../../../arm-none-eabi/lib/thumb/v6-m\libc_nano.a(lib_a-init.o)
                0x00001230                __libc_init_array
 *(.glue_7t)
 .glue_7t       0x00001278        0x0 linker stubs
 *(.glue_7)
 .glue_7        0x00001278        0x0 linker stubs
 *(.rodata .rodata* .gnu.linkonce.r.*)
 .rodata.tc_interrupt_vectors.11470
                0x00001278        0x2 src/timer.o
 *fill*         0x0000127a        0x2 
 .rodata.system_clock_source_get_hz
                0x0000127c       0x24 src/ASF/sam0/drivers/system/clock/clock_samd09_d10_d11/clock.o
 .rodata.system_clock_source_enable
                0x000012a0       0x24 src/ASF/sam0/drivers/system/clock/clock_samd09_d10_d11/clock.o
 *(.ARM.extab* .gnu.linkonce.armextab.*)
                0x000012c4                . = ALIGN (0x4)
 *(.init)
 .init          0x000012c4        0x4 c:/program files (x86)/atmel/studio/7.0/toolchain/arm/arm-gnu-toolchain/bin/../lib/gcc/arm-none-eabi/6.2.1/thumb/v6-m/crti.o
                0x000012c4                _init
 .init          0x000012c8        0x8 c:/program files (x86)/atmel/studio/7.0/toolchain/arm/arm-gnu-toolchain/bin/../lib/gcc/arm-none-eabi/6.2.1/thumb/v6-m/crtn.o
                0x000012d0                . = ALIGN (0x4)
                0x000012d0                __preinit_array_start = .
 *(.preinit_array)
                0x000012d0                __preinit_array_end = .
                0x000012d0                . = ALIGN (0x4)
                0x000012d0                __init_array_start = .
 *(SORT(.init_array.*))
 *(.init_array)
 .init_array    0x000012d0        0x4 c:/program files (x86)/atmel/studio/7.0/toolchain/arm/arm-gnu-toolchain/bin/../lib/gcc/arm-none-eabi/6.2.1/thumb/v6-m/crtbegin.o
                0x000012d4                __init_array_end = .
                0x000012d4                . = ALIGN (0x4)
 *crtbegin.o(.ctors)
 *(EXCLUDE_FILE(*crtend.o) .ctors)
 *(SORT(.ctors.*))
 *crtend.o(.ctors)
                0x000012d4                . = ALIGN (0x4)
 *(.fini)
 .fini          0x000012d4        0x4 c:/program files (x86)/atmel/studio/7.0/toolchain/arm/arm-gnu-toolchain/bin/../lib/gcc/arm-none-eabi/6.2.1/thumb/v6-m/crti.o
                0x000012d4                _fini
 .fini          0x000012d8        0x8 c:/program files (x86)/atmel/studio/7.0/toolchain/arm/arm-gnu-toolchain/bin/../lib/gcc/arm-none-eabi/6.2.1/thumb/v6-m/crtn.o
                0x000012e0                . = ALIGN (0x4)
                0x000012e0                __fini_array_start = .
 *(.fini_array)
 .fini_array    0x000012e0        0x4 c:/program files (x86)/atmel/studio/7.0/toolchain/arm/arm-gnu-toolchain/bin/../lib/gcc/arm-none-eabi/6.2.1/thumb/v6-m/crtbegin.o
 *(SORT(.fini_array.*))
                0x000012e4                __fini_array_end = .
 *crtbegin.o(.dtors)
 *(EXCLUDE_FILE(*crtend.o) .dtors)
 *(SORT(.dtors.*))
 *crtend.o(.dtors)
                0x000012e4                . = ALIGN (0x4)
                0x000012e4                _efixed = .
                [!provide]                PROVIDE (__exidx_start, .)

.vfp11_veneer   0x000012e4        0x0
 .vfp11_veneer  0x000012e4        0x0 linker stubs

.v4_bx          0x000012e4        0x0
 .v4_bx         0x000012e4        0x0 linker stubs

.iplt           0x000012e4        0x0
 .iplt          0x000012e4        0x0 c:/program files (x86)/atmel/studio/7.0/toolchain/arm/arm-gnu-toolchain/bin/../lib/gcc/arm-none-eabi/6.2.1/thumb/v6-m/crtbegin.o

.eh_frame       0x000012e4        0x0
 .eh_frame      0x000012e4        0x0 c:/program files (x86)/atmel/studio/7.0/toolchain/arm/arm-gnu-toolchain/bin/../lib/gcc/arm-none-eabi/6.2.1/thumb/v6-m/crtbegin.o

.rel.dyn        0x000012e4        0x0
 .rel.iplt      0x000012e4        0x0 c:/program files (x86)/atmel/studio/7.0/toolchain/arm/arm-gnu-toolchain/bin/../lib/gcc/arm-none-eabi/6.2.1/thumb/v6-m/crtbegin.o

.jcr            0x000012e4        0x0
 .jcr           0x000012e4        0x0 c:/program files (x86)/atmel/studio/7.0/toolchain/arm/arm-gnu-toolchain/bin/../lib/gcc/arm-none-eabi/6.2.1/thumb/v6-m/crtbegin.o

.igot.plt       0x000012e4        0x0
 .igot.plt      0x000012e4        0x0 c:/program files (x86)/atmel/studio/7.0/toolchain/arm/arm-gnu-toolchain/bin/../lib/gcc/arm-none-eabi/6.2.1/thumb/v6-m/crtbegin.o

.ARM.exidx
 *(.ARM.exidx* .gnu.linkonce.armexidx.*)
                [!provide]                PROVIDE (__exidx_end, .)
                0x000012e4                . = ALIGN (0x4)
                0x000012e4                _etext = .

.relocate       0x20000000       0x10 load address 0x000012e4
                0x20000000                . = ALIGN (0x4)
                0x20000000                _srelocate = .
 *(.ramfunc .ramfunc.*)
 *(.data .data.*)
 .data.init_filter.11501
                0x20000000        0x1 src/timer_control.o
 *fill*         0x20000001        0x3 
 .data.cycles_per_ms
                0x20000004        0x4 src/ASF/common2/services/delay/sam0/systick_counter.o
 .data.cycles_per_us
                0x20000008        0x4 src/ASF/common2/services/delay/sam0/systick_counter.o
 .data.g_interrupt_enabled
                0x2000000c        0x1 src/ASF/common/utils/interrupt/interrupt_sam_nvic.o
                0x2000000c                g_interrupt_enabled
                0x20000010                . = ALIGN (0x4)
 *fill*         0x2000000d        0x3 
                0x20000010                _erelocate = .

.bss            0x20000010      0x888 load address 0x000012f4
                0x20000010                . = ALIGN (0x4)
                0x20000010                _sbss = .
                0x20000010                _szero = .
 *(.bss .bss.*)
 .bss           0x20000010       0x1c c:/program files (x86)/atmel/studio/7.0/toolchain/arm/arm-gnu-toolchain/bin/../lib/gcc/arm-none-eabi/6.2.1/thumb/v6-m/crtbegin.o
 .bss.count.11496
                0x2000002c        0x4 src/test.o
 .bss.digital_value.11495
                0x20000030      0x7d0 src/test.o
 .bss.attempts.11502
                0x20000800        0x1 src/timer_control.o
 *fill*         0x20000801        0x1 
 .bss.previous_raw_value.11500
                0x20000802        0x2 src/timer_control.o
 .bss.cpu_irq_critical_section_counter
                0x20000804        0x4 src/ASF/common/utils/interrupt/interrupt_sam_nvic.o
 .bss.cpu_irq_prev_interrupt_state
                0x20000808        0x1 src/ASF/common/utils/interrupt/interrupt_sam_nvic.o
 *fill*         0x20000809        0x3 
 .bss._system_clock_inst
                0x2000080c       0x18 src/ASF/sam0/drivers/system/clock/clock_samd09_d10_d11/clock.o
 .bss.pulse_width
                0x20000824        0x2 src/main.o
                0x20000824                pulse_width
 .bss.ready_distance_digital
                0x20000826        0x1 src/main.o
                0x20000826                ready_distance_digital
 *fill*         0x20000827        0x1 
 .bss.rising_edge
                0x20000828        0x2 src/main.o
                0x20000828                rising_edge
 *(COMMON)
 *fill*         0x2000082a        0x2 
 COMMON         0x2000082c        0x4 src/ASF/sam0/drivers/dac/dac_sam_d_c_h/dac_callback.o
                0x2000082c                _dac_instances
 COMMON         0x20000830       0x40 src/ASF/sam0/drivers/extint/extint_sam_d_r_h/extint.o
                0x20000830                _extint_dev
 COMMON         0x20000870        0x1 src/ASF/sam0/drivers/extint/extint_callback.o
                0x20000870                _current_channel
 *fill*         0x20000871        0x3 
 COMMON         0x20000874       0x1c src/timer.o
                0x20000874                tc_instance_ds
 COMMON         0x20000890        0x8 src/ASF/sam0/drivers/tc/tc_interrupt.o
                0x20000890                _tc_instances
                0x20000898                . = ALIGN (0x4)
                0x20000898                _ebss = .
                0x20000898                _ezero = .

.stack          0x20000898      0x400 load address 0x00001b7c
                0x20000898                . = ALIGN (0x8)
                0x20000898                _sstack = .
                0x20000c98                . = (. + STACK_SIZE)
 *fill*         0x20000898      0x400 
                0x20000c98                . = ALIGN (0x8)
                0x20000c98                _estack = .
                0x20000c98                . = ALIGN (0x4)
                0x20000c98                _end = .
OUTPUT(DistanceSensor.elf elf32-littlearm)

.ARM.attributes
                0x00000000       0x28
 .ARM.attributes
                0x00000000       0x1e c:/program files (x86)/atmel/studio/7.0/toolchain/arm/arm-gnu-toolchain/bin/../lib/gcc/arm-none-eabi/6.2.1/thumb/v6-m/crti.o
 .ARM.attributes
                0x0000001e       0x2c c:/program files (x86)/atmel/studio/7.0/toolchain/arm/arm-gnu-toolchain/bin/../lib/gcc/arm-none-eabi/6.2.1/thumb/v6-m/crtbegin.o
 .ARM.attributes
                0x0000004a       0x32 src/ASF/sam0/drivers/dac/dac_sam_d_c_h/dac_callback.o
 .ARM.attributes
                0x0000007c       0x32 src/ASF/sam0/drivers/extint/extint_sam_d_r_h/extint.o
 .ARM.attributes
                0x000000ae       0x32 src/test.o
 .ARM.attributes
                0x000000e0       0x32 src/ASF/sam0/drivers/extint/extint_callback.o
 .ARM.attributes
                0x00000112       0x32 src/ASF/sam0/drivers/tc/tc_sam_d_r_h/tc.o
 .ARM.attributes
                0x00000144       0x32 src/timer.o
 .ARM.attributes
                0x00000176       0x32 src/timer_control.o
 .ARM.attributes
                0x000001a8       0x32 src/ASF/sam0/drivers/tc/tc_interrupt.o
 .ARM.attributes
                0x000001da       0x32 src/ASF/common2/services/delay/sam0/systick_counter.o
 .ARM.attributes
                0x0000020c       0x32 src/ASF/sam0/drivers/port/port.o
 .ARM.attributes
                0x0000023e       0x32 src/ASF/common2/boards/user_board/init.o
 .ARM.attributes
                0x00000270       0x32 src/ASF/common/utils/interrupt/interrupt_sam_nvic.o
 .ARM.attributes
                0x000002a2       0x32 src/ASF/sam0/drivers/system/clock/clock_samd09_d10_d11/clock.o
 .ARM.attributes
                0x000002d4       0x32 src/ASF/sam0/drivers/system/clock/clock_samd09_d10_d11/gclk.o
 .ARM.attributes
                0x00000306       0x32 src/ASF/sam0/drivers/system/pinmux/pinmux.o
 .ARM.attributes
                0x00000338       0x32 src/ASF/sam0/drivers/system/system.o
 .ARM.attributes
                0x0000036a       0x32 src/ASF/sam0/utils/cmsis/samd10/source/gcc/startup_samd10.o
 .ARM.attributes
                0x0000039c       0x32 src/main.o
 .ARM.attributes
                0x000003ce       0x1e c:/program files (x86)/atmel/studio/7.0/toolchain/arm/arm-gnu-toolchain/bin/../lib/gcc/arm-none-eabi/6.2.1/thumb/v6-m\libgcc.a(_udivsi3.o)
 .ARM.attributes
                0x000003ec       0x1e c:/program files (x86)/atmel/studio/7.0/toolchain/arm/arm-gnu-toolchain/bin/../lib/gcc/arm-none-eabi/6.2.1/thumb/v6-m\libgcc.a(_dvmd_tls.o)
 .ARM.attributes
                0x0000040a       0x2c c:/program files (x86)/atmel/studio/7.0/toolchain/arm/arm-gnu-toolchain/bin/../lib/gcc/arm-none-eabi/6.2.1/../../../../arm-none-eabi/lib/thumb/v6-m\libc_nano.a(lib_a-init.o)
 .ARM.attributes
                0x00000436       0x1e c:/program files (x86)/atmel/studio/7.0/toolchain/arm/arm-gnu-toolchain/bin/../lib/gcc/arm-none-eabi/6.2.1/thumb/v6-m/crtn.o

.comment        0x00000000       0x59
 .comment       0x00000000       0x59 src/ASF/sam0/drivers/dac/dac_sam_d_c_h/dac_callback.o
                                 0x5a (size before relaxing)
 .comment       0x00000059       0x5a src/ASF/sam0/drivers/extint/extint_sam_d_r_h/extint.o
 .comment       0x00000059       0x5a src/test.o
 .comment       0x00000059       0x5a src/ASF/sam0/drivers/extint/extint_callback.o
 .comment       0x00000059       0x5a src/ASF/sam0/drivers/tc/tc_sam_d_r_h/tc.o
 .comment       0x00000059       0x5a src/timer.o
 .comment       0x00000059       0x5a src/timer_control.o
 .comment       0x00000059       0x5a src/ASF/sam0/drivers/tc/tc_interrupt.o
 .comment       0x00000059       0x5a src/ASF/common2/services/delay/sam0/systick_counter.o
 .comment       0x00000059       0x5a src/ASF/sam0/drivers/port/port.o
 .comment       0x00000059       0x5a src/ASF/common2/boards/user_board/init.o
 .comment       0x00000059       0x5a src/ASF/common/utils/interrupt/interrupt_sam_nvic.o
 .comment       0x00000059       0x5a src/ASF/sam0/drivers/system/clock/clock_samd09_d10_d11/clock.o
 .comment       0x00000059       0x5a src/ASF/sam0/drivers/system/clock/clock_samd09_d10_d11/gclk.o
 .comment       0x00000059       0x5a src/ASF/sam0/drivers/system/pinmux/pinmux.o
 .comment       0x00000059       0x5a src/ASF/sam0/drivers/system/system.o
 .comment       0x00000059       0x5a src/ASF/sam0/utils/cmsis/samd10/source/gcc/startup_samd10.o
 .comment       0x00000059       0x5a src/main.o

.debug_info     0x00000000    0x1d206
 .debug_info    0x00000000     0x173f src/ASF/sam0/drivers/dac/dac_sam_d_c_h/dac_callback.o
 .debug_info    0x0000173f     0x2750 src/ASF/sam0/drivers/extint/extint_sam_d_r_h/extint.o
 .debug_info    0x00003e8f     0x1189 src/test.o
 .debug_info    0x00005018     0x16d0 src/ASF/sam0/drivers/extint/extint_callback.o
 .debug_info    0x000066e8     0x2eb9 src/ASF/sam0/drivers/tc/tc_sam_d_r_h/tc.o
 .debug_info    0x000095a1     0x34de src/timer.o
 .debug_info    0x0000ca7f     0x11bd src/timer_control.o
 .debug_info    0x0000dc3c     0x1ae3 src/ASF/sam0/drivers/tc/tc_interrupt.o
 .debug_info    0x0000f71f      0xb81 src/ASF/common2/services/delay/sam0/systick_counter.o
 .debug_info    0x000102a0     0x12ac src/ASF/sam0/drivers/port/port.o
 .debug_info    0x0001154c     0x111c src/ASF/common2/boards/user_board/init.o
 .debug_info    0x00012668      0xafb src/ASF/common/utils/interrupt/interrupt_sam_nvic.o
 .debug_info    0x00013163     0x3654 src/ASF/sam0/drivers/system/clock/clock_samd09_d10_d11/clock.o
 .debug_info    0x000167b7     0x1e47 src/ASF/sam0/drivers/system/clock/clock_samd09_d10_d11/gclk.o
 .debug_info    0x000185fe     0x13ea src/ASF/sam0/drivers/system/pinmux/pinmux.o
 .debug_info    0x000199e8      0xa67 src/ASF/sam0/drivers/system/system.o
 .debug_info    0x0001a44f     0x1ab0 src/ASF/sam0/utils/cmsis/samd10/source/gcc/startup_samd10.o
 .debug_info    0x0001beff     0x1307 src/main.o

.debug_abbrev   0x00000000     0x3779
 .debug_abbrev  0x00000000      0x3d4 src/ASF/sam0/drivers/dac/dac_sam_d_c_h/dac_callback.o
 .debug_abbrev  0x000003d4      0x4a7 src/ASF/sam0/drivers/extint/extint_sam_d_r_h/extint.o
 .debug_abbrev  0x0000087b      0x26a src/test.o
 .debug_abbrev  0x00000ae5      0x333 src/ASF/sam0/drivers/extint/extint_callback.o
 .debug_abbrev  0x00000e18      0x44f src/ASF/sam0/drivers/tc/tc_sam_d_r_h/tc.o
 .debug_abbrev  0x00001267      0x409 src/timer.o
 .debug_abbrev  0x00001670      0x285 src/timer_control.o
 .debug_abbrev  0x000018f5      0x2ff src/ASF/sam0/drivers/tc/tc_interrupt.o
 .debug_abbrev  0x00001bf4      0x24b src/ASF/common2/services/delay/sam0/systick_counter.o
 .debug_abbrev  0x00001e3f      0x298 src/ASF/sam0/drivers/port/port.o
 .debug_abbrev  0x000020d7      0x244 src/ASF/common2/boards/user_board/init.o
 .debug_abbrev  0x0000231b      0x22c src/ASF/common/utils/interrupt/interrupt_sam_nvic.o
 .debug_abbrev  0x00002547      0x465 src/ASF/sam0/drivers/system/clock/clock_samd09_d10_d11/clock.o
 .debug_abbrev  0x000029ac      0x3f1 src/ASF/sam0/drivers/system/clock/clock_samd09_d10_d11/gclk.o
 .debug_abbrev  0x00002d9d      0x36e src/ASF/sam0/drivers/system/pinmux/pinmux.o
 .debug_abbrev  0x0000310b      0x1e1 src/ASF/sam0/drivers/system/system.o
 .debug_abbrev  0x000032ec      0x200 src/ASF/sam0/utils/cmsis/samd10/source/gcc/startup_samd10.o
 .debug_abbrev  0x000034ec      0x28d src/main.o

.debug_loc      0x00000000     0x39a3
 .debug_loc     0x00000000      0x4f8 src/ASF/sam0/drivers/dac/dac_sam_d_c_h/dac_callback.o
 .debug_loc     0x000004f8      0x43d src/ASF/sam0/drivers/extint/extint_sam_d_r_h/extint.o
 .debug_loc     0x00000935       0x20 src/test.o
 .debug_loc     0x00000955      0x2ac src/ASF/sam0/drivers/extint/extint_callback.o
 .debug_loc     0x00000c01      0xdb9 src/ASF/sam0/drivers/tc/tc_sam_d_r_h/tc.o
 .debug_loc     0x000019ba      0x3e8 src/timer.o
 .debug_loc     0x00001da2       0x8c src/timer_control.o
 .debug_loc     0x00001e2e      0x168 src/ASF/sam0/drivers/tc/tc_interrupt.o
 .debug_loc     0x00001f96       0xe4 src/ASF/common2/services/delay/sam0/systick_counter.o
 .debug_loc     0x0000207a      0x13d src/ASF/sam0/drivers/port/port.o
 .debug_loc     0x000021b7      0xefb src/ASF/sam0/drivers/system/clock/clock_samd09_d10_d11/clock.o
 .debug_loc     0x000030b2      0x504 src/ASF/sam0/drivers/system/clock/clock_samd09_d10_d11/gclk.o
 .debug_loc     0x000035b6      0x36d src/ASF/sam0/drivers/system/pinmux/pinmux.o
 .debug_loc     0x00003923       0x20 src/ASF/sam0/drivers/system/system.o
 .debug_loc     0x00003943       0x40 src/ASF/sam0/utils/cmsis/samd10/source/gcc/startup_samd10.o
 .debug_loc     0x00003983       0x20 src/main.o

.debug_aranges  0x00000000      0x4a8
 .debug_aranges
                0x00000000       0x60 src/ASF/sam0/drivers/dac/dac_sam_d_c_h/dac_callback.o
 .debug_aranges
                0x00000060       0x50 src/ASF/sam0/drivers/extint/extint_sam_d_r_h/extint.o
 .debug_aranges
                0x000000b0       0x20 src/test.o
 .debug_aranges
                0x000000d0       0x48 src/ASF/sam0/drivers/extint/extint_callback.o
 .debug_aranges
                0x00000118       0x58 src/ASF/sam0/drivers/tc/tc_sam_d_r_h/tc.o
 .debug_aranges
                0x00000170       0x88 src/timer.o
 .debug_aranges
                0x000001f8       0x28 src/timer_control.o
 .debug_aranges
                0x00000220       0x40 src/ASF/sam0/drivers/tc/tc_interrupt.o
 .debug_aranges
                0x00000260       0x30 src/ASF/common2/services/delay/sam0/systick_counter.o
 .debug_aranges
                0x00000290       0x28 src/ASF/sam0/drivers/port/port.o
 .debug_aranges
                0x000002b8       0x20 src/ASF/common2/boards/user_board/init.o
 .debug_aranges
                0x000002d8       0x28 src/ASF/common/utils/interrupt/interrupt_sam_nvic.o
 .debug_aranges
                0x00000300       0x78 src/ASF/sam0/drivers/system/clock/clock_samd09_d10_d11/clock.o
 .debug_aranges
                0x00000378       0x80 src/ASF/sam0/drivers/system/clock/clock_samd09_d10_d11/gclk.o
 .debug_aranges
                0x000003f8       0x40 src/ASF/sam0/drivers/system/pinmux/pinmux.o
 .debug_aranges
                0x00000438       0x28 src/ASF/sam0/drivers/system/system.o
 .debug_aranges
                0x00000460       0x28 src/ASF/sam0/utils/cmsis/samd10/source/gcc/startup_samd10.o
 .debug_aranges
                0x00000488       0x20 src/main.o

.debug_ranges   0x00000000      0x490
 .debug_ranges  0x00000000       0x68 src/ASF/sam0/drivers/dac/dac_sam_d_c_h/dac_callback.o
 .debug_ranges  0x00000068       0x40 src/ASF/sam0/drivers/extint/extint_sam_d_r_h/extint.o
 .debug_ranges  0x000000a8       0x10 src/test.o
 .debug_ranges  0x000000b8       0x90 src/ASF/sam0/drivers/extint/extint_callback.o
 .debug_ranges  0x00000148       0x98 src/ASF/sam0/drivers/tc/tc_sam_d_r_h/tc.o
 .debug_ranges  0x000001e0       0x78 src/timer.o
 .debug_ranges  0x00000258       0x18 src/timer_control.o
 .debug_ranges  0x00000270       0x30 src/ASF/sam0/drivers/tc/tc_interrupt.o
 .debug_ranges  0x000002a0       0x50 src/ASF/common2/services/delay/sam0/systick_counter.o
 .debug_ranges  0x000002f0       0x18 src/ASF/sam0/drivers/port/port.o
 .debug_ranges  0x00000308       0x10 src/ASF/common2/boards/user_board/init.o
 .debug_ranges  0x00000318       0x18 src/ASF/common/utils/interrupt/interrupt_sam_nvic.o
 .debug_ranges  0x00000330       0x68 src/ASF/sam0/drivers/system/clock/clock_samd09_d10_d11/clock.o
 .debug_ranges  0x00000398       0x88 src/ASF/sam0/drivers/system/clock/clock_samd09_d10_d11/gclk.o
 .debug_ranges  0x00000420       0x30 src/ASF/sam0/drivers/system/pinmux/pinmux.o
 .debug_ranges  0x00000450       0x18 src/ASF/sam0/drivers/system/system.o
 .debug_ranges  0x00000468       0x18 src/ASF/sam0/utils/cmsis/samd10/source/gcc/startup_samd10.o
 .debug_ranges  0x00000480       0x10 src/main.o

.debug_macro    0x00000000     0x601b
 .debug_macro   0x00000000      0x4ec src/ASF/sam0/drivers/dac/dac_sam_d_c_h/dac_callback.o
 .debug_macro   0x000004ec      0x50f src/ASF/sam0/drivers/extint/extint_sam_d_r_h/extint.o
 .debug_macro   0x000009fb       0x1f src/ASF/sam0/drivers/extint/extint_sam_d_r_h/extint.o
 .debug_macro   0x00000a1a       0x16 src/ASF/sam0/drivers/extint/extint_sam_d_r_h/extint.o
 .debug_macro   0x00000a30      0x5c2 src/test.o
 .debug_macro   0x00000ff2       0x1c src/test.o
 .debug_macro   0x0000100e       0x16 src/test.o
 .debug_macro   0x00001024       0x19 src/test.o
 .debug_macro   0x0000103d      0x2c6 src/test.o
 .debug_macro   0x00001303       0x11 src/test.o
 .debug_macro   0x00001314       0x6c src/test.o
 .debug_macro   0x00001380       0x16 src/test.o
 .debug_macro   0x00001396       0x10 src/test.o
 .debug_macro   0x000013a6      0x4b5 src/ASF/sam0/drivers/extint/extint_callback.o
 .debug_macro   0x0000185b      0x519 src/ASF/sam0/drivers/tc/tc_sam_d_r_h/tc.o
 .debug_macro   0x00001d74       0x19 src/ASF/sam0/drivers/tc/tc_sam_d_r_h/tc.o
 .debug_macro   0x00001d8d       0x51 src/ASF/sam0/drivers/tc/tc_sam_d_r_h/tc.o
 .debug_macro   0x00001dde      0x5b8 src/timer.o
 .debug_macro   0x00002396       0x1c src/timer.o
 .debug_macro   0x000023b2      0x5b8 src/timer_control.o
 .debug_macro   0x0000296a      0x4fe src/ASF/sam0/drivers/tc/tc_interrupt.o
 .debug_macro   0x00002e68      0x4cb src/ASF/common2/services/delay/sam0/systick_counter.o
 .debug_macro   0x00003333       0x16 src/ASF/common2/services/delay/sam0/systick_counter.o
 .debug_macro   0x00003349      0x4ac src/ASF/sam0/drivers/port/port.o
 .debug_macro   0x000037f5      0x5af src/ASF/common2/boards/user_board/init.o
 .debug_macro   0x00003da4      0x490 src/ASF/common/utils/interrupt/interrupt_sam_nvic.o
 .debug_macro   0x00004234      0x4f5 src/ASF/sam0/drivers/system/clock/clock_samd09_d10_d11/clock.o
 .debug_macro   0x00004729      0x234 src/ASF/sam0/drivers/system/clock/clock_samd09_d10_d11/clock.o
 .debug_macro   0x0000495d      0x4c6 src/ASF/sam0/drivers/system/clock/clock_samd09_d10_d11/gclk.o
 .debug_macro   0x00004e23      0x4a0 src/ASF/sam0/drivers/system/pinmux/pinmux.o
 .debug_macro   0x000052c3       0x12 src/ASF/sam0/drivers/system/pinmux/pinmux.o
 .debug_macro   0x000052d5      0x4d3 src/ASF/sam0/drivers/system/system.o
 .debug_macro   0x000057a8      0x277 src/ASF/sam0/utils/cmsis/samd10/source/gcc/startup_samd10.o
 .debug_macro   0x00005a1f       0x3a src/ASF/sam0/utils/cmsis/samd10/source/gcc/startup_samd10.o
 .debug_macro   0x00005a59      0x5c2 src/main.o

.debug_line     0x00000000     0xbef8
 .debug_line    0x00000000      0xac3 src/ASF/sam0/drivers/dac/dac_sam_d_c_h/dac_callback.o
 .debug_line    0x00000ac3      0xbb4 src/ASF/sam0/drivers/extint/extint_sam_d_r_h/extint.o
 .debug_line    0x00001677      0xc29 src/test.o
 .debug_line    0x000022a0      0x953 src/ASF/sam0/drivers/extint/extint_callback.o
 .debug_line    0x00002bf3      0xd16 src/ASF/sam0/drivers/tc/tc_sam_d_r_h/tc.o
 .debug_line    0x00003909      0xda8 src/timer.o
 .debug_line    0x000046b1      0xc47 src/timer_control.o
 .debug_line    0x000052f8      0x9f4 src/ASF/sam0/drivers/tc/tc_interrupt.o
 .debug_line    0x00005cec      0x944 src/ASF/common2/services/delay/sam0/systick_counter.o
 .debug_line    0x00006630      0x87d src/ASF/sam0/drivers/port/port.o
 .debug_line    0x00006ead      0xc06 src/ASF/common2/boards/user_board/init.o
 .debug_line    0x00007ab3      0x851 src/ASF/common/utils/interrupt/interrupt_sam_nvic.o
 .debug_line    0x00008304      0xbce src/ASF/sam0/drivers/system/clock/clock_samd09_d10_d11/clock.o
 .debug_line    0x00008ed2      0xbfa src/ASF/sam0/drivers/system/clock/clock_samd09_d10_d11/gclk.o
 .debug_line    0x00009acc      0x8ca src/ASF/sam0/drivers/system/pinmux/pinmux.o
 .debug_line    0x0000a396      0x971 src/ASF/sam0/drivers/system/system.o
 .debug_line    0x0000ad07      0x5cd src/ASF/sam0/utils/cmsis/samd10/source/gcc/startup_samd10.o
 .debug_line    0x0000b2d4      0xc24 src/main.o

.debug_str      0x00000000    0x699d4
 .debug_str     0x00000000    0x63c2d src/ASF/sam0/drivers/dac/dac_sam_d_c_h/dac_callback.o
                              0x641a5 (size before relaxing)
 .debug_str     0x00063c2d      0xcbe src/ASF/sam0/drivers/extint/extint_sam_d_r_h/extint.o
                              0x649ee (size before relaxing)
 .debug_str     0x000648eb      0xdaf src/test.o
                              0x64a7c (size before relaxing)
 .debug_str     0x0006569a      0x131 src/ASF/sam0/drivers/extint/extint_callback.o
                              0x63bc0 (size before relaxing)
 .debug_str     0x000657cb      0x86c src/ASF/sam0/drivers/tc/tc_sam_d_r_h/tc.o
                              0x64a5a (size before relaxing)
 .debug_str     0x00066037      0x5c4 src/timer.o
                              0x65f53 (size before relaxing)
 .debug_str     0x000665fb       0x76 src/timer_control.o
                              0x64ad0 (size before relaxing)
 .debug_str     0x00066671       0xde src/ASF/sam0/drivers/tc/tc_interrupt.o
                              0x6416b (size before relaxing)
 .debug_str     0x0006674f       0xac src/ASF/common2/services/delay/sam0/systick_counter.o
                              0x6367f (size before relaxing)
 .debug_str     0x000667fb       0x5e src/ASF/sam0/drivers/port/port.o
                              0x63886 (size before relaxing)
 .debug_str     0x00066859       0x3e src/ASF/common2/boards/user_board/init.o
                              0x64a31 (size before relaxing)
 .debug_str     0x00066897       0x94 src/ASF/common/utils/interrupt/interrupt_sam_nvic.o
                              0x6346f (size before relaxing)
 .debug_str     0x0006692b     0x24d3 src/ASF/sam0/drivers/system/clock/clock_samd09_d10_d11/clock.o
                              0x662c3 (size before relaxing)
 .debug_str     0x00068dfe      0x20f src/ASF/sam0/drivers/system/clock/clock_samd09_d10_d11/gclk.o
                              0x640c5 (size before relaxing)
 .debug_str     0x0006900d      0x179 src/ASF/sam0/drivers/system/pinmux/pinmux.o
                              0x63911 (size before relaxing)
 .debug_str     0x00069186       0x47 src/ASF/sam0/drivers/system/system.o
                              0x6354c (size before relaxing)
 .debug_str     0x000691cd      0x7f9 src/ASF/sam0/utils/cmsis/samd10/source/gcc/startup_samd10.o
                              0x4edf8 (size before relaxing)
 .debug_str     0x000699c6        0xe src/main.o
                              0x64d93 (size before relaxing)

.debug_frame    0x00000000      0xa00
 .debug_frame   0x00000000       0xd4 src/ASF/sam0/drivers/dac/dac_sam_d_c_h/dac_callback.o
 .debug_frame   0x000000d4       0xb8 src/ASF/sam0/drivers/extint/extint_sam_d_r_h/extint.o
 .debug_frame   0x0000018c       0x2c src/test.o
 .debug_frame   0x000001b8       0x7c src/ASF/sam0/drivers/extint/extint_callback.o
 .debug_frame   0x00000234       0xa8 src/ASF/sam0/drivers/tc/tc_sam_d_r_h/tc.o
 .debug_frame   0x000002dc      0x168 src/timer.o
 .debug_frame   0x00000444       0x38 src/timer_control.o
 .debug_frame   0x0000047c       0x7c src/ASF/sam0/drivers/tc/tc_interrupt.o
 .debug_frame   0x000004f8       0x64 src/ASF/common2/services/delay/sam0/systick_counter.o
 .debug_frame   0x0000055c       0x44 src/ASF/sam0/drivers/port/port.o
 .debug_frame   0x000005a0       0x20 src/ASF/common2/boards/user_board/init.o
 .debug_frame   0x000005c0       0x30 src/ASF/common/utils/interrupt/interrupt_sam_nvic.o
 .debug_frame   0x000005f0      0x14c src/ASF/sam0/drivers/system/clock/clock_samd09_d10_d11/clock.o
 .debug_frame   0x0000073c      0x148 src/ASF/sam0/drivers/system/clock/clock_samd09_d10_d11/gclk.o
 .debug_frame   0x00000884       0x98 src/ASF/sam0/drivers/system/pinmux/pinmux.o
 .debug_frame   0x0000091c       0x38 src/ASF/sam0/drivers/system/system.o
 .debug_frame   0x00000954       0x38 src/ASF/sam0/utils/cmsis/samd10/source/gcc/startup_samd10.o
 .debug_frame   0x0000098c       0x28 src/main.o
 .debug_frame   0x000009b4       0x20 c:/program files (x86)/atmel/studio/7.0/toolchain/arm/arm-gnu-toolchain/bin/../lib/gcc/arm-none-eabi/6.2.1/thumb/v6-m\libgcc.a(_udivsi3.o)
 .debug_frame   0x000009d4       0x2c c:/program files (x86)/atmel/studio/7.0/toolchain/arm/arm-gnu-toolchain/bin/../lib/gcc/arm-none-eabi/6.2.1/../../../../arm-none-eabi/lib/thumb/v6-m\libc_nano.a(lib_a-init.o)

Cross Reference Table

Symbol                                            File
AC_Handler                                        src/ASF/sam0/utils/cmsis/samd10/source/gcc/startup_samd10.o
ADC_Handler                                       src/ASF/sam0/utils/cmsis/samd10/source/gcc/startup_samd10.o
DAC_Handler                                       src/ASF/sam0/drivers/dac/dac_sam_d_c_h/dac_callback.o
DMAC_Handler                                      src/ASF/sam0/utils/cmsis/samd10/source/gcc/startup_samd10.o
Dummy_Handler                                     src/ASF/sam0/utils/cmsis/samd10/source/gcc/startup_samd10.o
EIC_Handler                                       src/ASF/sam0/drivers/extint/extint_callback.o
EVSYS_Handler                                     src/ASF/sam0/utils/cmsis/samd10/source/gcc/startup_samd10.o
HardFault_Handler                                 src/ASF/sam0/utils/cmsis/samd10/source/gcc/startup_samd10.o
NMI_Handler                                       src/ASF/sam0/utils/cmsis/samd10/source/gcc/startup_samd10.o
NVMCTRL_Handler                                   src/ASF/sam0/utils/cmsis/samd10/source/gcc/startup_samd10.o
PM_Handler                                        src/ASF/sam0/utils/cmsis/samd10/source/gcc/startup_samd10.o
PTC_Handler                                       src/ASF/sam0/utils/cmsis/samd10/source/gcc/startup_samd10.o
PendSV_Handler                                    src/ASF/sam0/utils/cmsis/samd10/source/gcc/startup_samd10.o
RTC_Handler                                       src/ASF/sam0/utils/cmsis/samd10/source/gcc/startup_samd10.o
Reset_Handler                                     src/ASF/sam0/utils/cmsis/samd10/source/gcc/startup_samd10.o
SERCOM0_Handler                                   src/ASF/sam0/utils/cmsis/samd10/source/gcc/startup_samd10.o
SERCOM1_Handler                                   src/ASF/sam0/utils/cmsis/samd10/source/gcc/startup_samd10.o
SVC_Handler                                       src/ASF/sam0/utils/cmsis/samd10/source/gcc/startup_samd10.o
SYSCTRL_Handler                                   src/ASF/sam0/utils/cmsis/samd10/source/gcc/startup_samd10.o
SysTick_Handler                                   src/ASF/sam0/utils/cmsis/samd10/source/gcc/startup_samd10.o
SystemCoreClock                                   src/ASF/sam0/utils/cmsis/samd10/source/system_samd10.o
SystemCoreClockUpdate                             src/ASF/sam0/utils/cmsis/samd10/source/system_samd10.o
SystemInit                                        src/ASF/sam0/utils/cmsis/samd10/source/system_samd10.o
TC1_Handler                                       src/ASF/sam0/drivers/tc/tc_interrupt.o
TC2_Handler                                       src/ASF/sam0/drivers/tc/tc_interrupt.o
TCC0_Handler                                      src/ASF/sam0/utils/cmsis/samd10/source/gcc/startup_samd10.o
WDT_Handler                                       src/ASF/sam0/utils/cmsis/samd10/source/gcc/startup_samd10.o
_Jv_RegisterClasses                               c:/program files (x86)/atmel/studio/7.0/toolchain/arm/arm-gnu-toolchain/bin/../lib/gcc/arm-none-eabi/6.2.1/thumb/v6-m/crtbegin.o
__aeabi_idiv0                                     c:/program files (x86)/atmel/studio/7.0/toolchain/arm/arm-gnu-toolchain/bin/../lib/gcc/arm-none-eabi/6.2.1/thumb/v6-m\libgcc.a(_dvmd_tls.o)
                                                  c:/program files (x86)/atmel/studio/7.0/toolchain/arm/arm-gnu-toolchain/bin/../lib/gcc/arm-none-eabi/6.2.1/thumb/v6-m\libgcc.a(_udivsi3.o)
__aeabi_ldiv0                                     c:/program files (x86)/atmel/studio/7.0/toolchain/arm/arm-gnu-toolchain/bin/../lib/gcc/arm-none-eabi/6.2.1/thumb/v6-m\libgcc.a(_dvmd_tls.o)
__aeabi_uidiv                                     c:/program files (x86)/atmel/studio/7.0/toolchain/arm/arm-gnu-toolchain/bin/../lib/gcc/arm-none-eabi/6.2.1/thumb/v6-m\libgcc.a(_udivsi3.o)
                                                  src/ASF/sam0/drivers/system/clock/clock_samd09_d10_d11/gclk.o
                                                  src/ASF/sam0/drivers/system/clock/clock_samd09_d10_d11/clock.o
                                                  src/ASF/common2/services/delay/sam0/systick_counter.o
__aeabi_uidivmod                                  c:/program files (x86)/atmel/studio/7.0/toolchain/arm/arm-gnu-toolchain/bin/../lib/gcc/arm-none-eabi/6.2.1/thumb/v6-m\libgcc.a(_udivsi3.o)
__bss_end__                                       c:/program files (x86)/atmel/studio/7.0/toolchain/arm/arm-gnu-toolchain/bin/../lib/gcc/arm-none-eabi/6.2.1/../../../../arm-none-eabi/lib/thumb/v6-m/crt0.o
__bss_start__                                     c:/program files (x86)/atmel/studio/7.0/toolchain/arm/arm-gnu-toolchain/bin/../lib/gcc/arm-none-eabi/6.2.1/../../../../arm-none-eabi/lib/thumb/v6-m/crt0.o
__call_exitprocs                                  c:/program files (x86)/atmel/studio/7.0/toolchain/arm/arm-gnu-toolchain/bin/../lib/gcc/arm-none-eabi/6.2.1/../../../../arm-none-eabi/lib/thumb/v6-m\libc_nano.a(lib_a-exit.o)
__deregister_frame_info                           c:/program files (x86)/atmel/studio/7.0/toolchain/arm/arm-gnu-toolchain/bin/../lib/gcc/arm-none-eabi/6.2.1/thumb/v6-m/crtbegin.o
__dso_handle                                      c:/program files (x86)/atmel/studio/7.0/toolchain/arm/arm-gnu-toolchain/bin/../lib/gcc/arm-none-eabi/6.2.1/thumb/v6-m/crtbegin.o
__init_array_end                                  c:/program files (x86)/atmel/studio/7.0/toolchain/arm/arm-gnu-toolchain/bin/../lib/gcc/arm-none-eabi/6.2.1/../../../../arm-none-eabi/lib/thumb/v6-m\libc_nano.a(lib_a-init.o)
__init_array_start                                c:/program files (x86)/atmel/studio/7.0/toolchain/arm/arm-gnu-toolchain/bin/../lib/gcc/arm-none-eabi/6.2.1/../../../../arm-none-eabi/lib/thumb/v6-m\libc_nano.a(lib_a-init.o)
__libc_fini_array                                 c:/program files (x86)/atmel/studio/7.0/toolchain/arm/arm-gnu-toolchain/bin/../lib/gcc/arm-none-eabi/6.2.1/../../../../arm-none-eabi/lib/thumb/v6-m/crt0.o
__libc_init_array                                 c:/program files (x86)/atmel/studio/7.0/toolchain/arm/arm-gnu-toolchain/bin/../lib/gcc/arm-none-eabi/6.2.1/../../../../arm-none-eabi/lib/thumb/v6-m\libc_nano.a(lib_a-init.o)
                                                  src/ASF/sam0/utils/cmsis/samd10/source/gcc/startup_samd10.o
                                                  c:/program files (x86)/atmel/studio/7.0/toolchain/arm/arm-gnu-toolchain/bin/../lib/gcc/arm-none-eabi/6.2.1/../../../../arm-none-eabi/lib/thumb/v6-m/crt0.o
__preinit_array_end                               c:/program files (x86)/atmel/studio/7.0/toolchain/arm/arm-gnu-toolchain/bin/../lib/gcc/arm-none-eabi/6.2.1/../../../../arm-none-eabi/lib/thumb/v6-m\libc_nano.a(lib_a-init.o)
__preinit_array_start                             c:/program files (x86)/atmel/studio/7.0/toolchain/arm/arm-gnu-toolchain/bin/../lib/gcc/arm-none-eabi/6.2.1/../../../../arm-none-eabi/lib/thumb/v6-m\libc_nano.a(lib_a-init.o)
__register_frame_info                             c:/program files (x86)/atmel/studio/7.0/toolchain/arm/arm-gnu-toolchain/bin/../lib/gcc/arm-none-eabi/6.2.1/thumb/v6-m/crtbegin.o
__sf_fake_stderr                                  c:/program files (x86)/atmel/studio/7.0/toolchain/arm/arm-gnu-toolchain/bin/../lib/gcc/arm-none-eabi/6.2.1/../../../../arm-none-eabi/lib/thumb/v6-m\libc_nano.a(lib_a-impure.o)
__sf_fake_stdin                                   c:/program files (x86)/atmel/studio/7.0/toolchain/arm/arm-gnu-toolchain/bin/../lib/gcc/arm-none-eabi/6.2.1/../../../../arm-none-eabi/lib/thumb/v6-m\libc_nano.a(lib_a-impure.o)
__sf_fake_stdout                                  c:/program files (x86)/atmel/studio/7.0/toolchain/arm/arm-gnu-toolchain/bin/../lib/gcc/arm-none-eabi/6.2.1/../../../../arm-none-eabi/lib/thumb/v6-m\libc_nano.a(lib_a-impure.o)
__stack                                           c:/program files (x86)/atmel/studio/7.0/toolchain/arm/arm-gnu-toolchain/bin/../lib/gcc/arm-none-eabi/6.2.1/../../../../arm-none-eabi/lib/thumb/v6-m/crt0.o
__udivsi3                                         c:/program files (x86)/atmel/studio/7.0/toolchain/arm/arm-gnu-toolchain/bin/../lib/gcc/arm-none-eabi/6.2.1/thumb/v6-m\libgcc.a(_udivsi3.o)
_close                                            src/ASF/sam0/utils/syscalls/gcc/syscalls.o
_current_channel                                  src/ASF/sam0/drivers/extint/extint_callback.o
_dac_instances                                    src/ASF/sam0/drivers/dac/dac_sam_d_c_h/dac_callback.o
                                                  src/ASF/sam0/drivers/dac/dac_sam_d_c_h/dac.o
_end                                              src/ASF/sam0/utils/syscalls/gcc/syscalls.o
_erelocate                                        src/ASF/sam0/utils/cmsis/samd10/source/gcc/startup_samd10.o
_estack                                           src/ASF/sam0/utils/cmsis/samd10/source/gcc/startup_samd10.o
_etext                                            src/ASF/sam0/utils/cmsis/samd10/source/gcc/startup_samd10.o
_exit                                             src/ASF/sam0/utils/syscalls/gcc/syscalls.o
                                                  c:/program files (x86)/atmel/studio/7.0/toolchain/arm/arm-gnu-toolchain/bin/../lib/gcc/arm-none-eabi/6.2.1/../../../../arm-none-eabi/lib/thumb/v6-m\libc_nano.a(lib_a-exit.o)
_extint_dev                                       src/ASF/sam0/drivers/extint/extint_sam_d_r_h/extint.o
                                                  src/ASF/sam0/drivers/extint/extint_callback.o
_ezero                                            src/ASF/sam0/utils/cmsis/samd10/source/gcc/startup_samd10.o
_fini                                             c:/program files (x86)/atmel/studio/7.0/toolchain/arm/arm-gnu-toolchain/bin/../lib/gcc/arm-none-eabi/6.2.1/thumb/v6-m/crti.o
_fstat                                            src/ASF/sam0/utils/syscalls/gcc/syscalls.o
_getpid                                           src/ASF/sam0/utils/syscalls/gcc/syscalls.o
_global_impure_ptr                                c:/program files (x86)/atmel/studio/7.0/toolchain/arm/arm-gnu-toolchain/bin/../lib/gcc/arm-none-eabi/6.2.1/../../../../arm-none-eabi/lib/thumb/v6-m\libc_nano.a(lib_a-impure.o)
                                                  c:/program files (x86)/atmel/studio/7.0/toolchain/arm/arm-gnu-toolchain/bin/../lib/gcc/arm-none-eabi/6.2.1/../../../../arm-none-eabi/lib/thumb/v6-m\libc_nano.a(lib_a-exit.o)
_impure_ptr                                       c:/program files (x86)/atmel/studio/7.0/toolchain/arm/arm-gnu-toolchain/bin/../lib/gcc/arm-none-eabi/6.2.1/../../../../arm-none-eabi/lib/thumb/v6-m\libc_nano.a(lib_a-impure.o)
_init                                             c:/program files (x86)/atmel/studio/7.0/toolchain/arm/arm-gnu-toolchain/bin/../lib/gcc/arm-none-eabi/6.2.1/thumb/v6-m/crti.o
                                                  c:/program files (x86)/atmel/studio/7.0/toolchain/arm/arm-gnu-toolchain/bin/../lib/gcc/arm-none-eabi/6.2.1/../../../../arm-none-eabi/lib/thumb/v6-m\libc_nano.a(lib_a-init.o)
_isatty                                           src/ASF/sam0/utils/syscalls/gcc/syscalls.o
_kill                                             src/ASF/sam0/utils/syscalls/gcc/syscalls.o
_lseek                                            src/ASF/sam0/utils/syscalls/gcc/syscalls.o
_mainCRTStartup                                   c:/program files (x86)/atmel/studio/7.0/toolchain/arm/arm-gnu-toolchain/bin/../lib/gcc/arm-none-eabi/6.2.1/../../../../arm-none-eabi/lib/thumb/v6-m/crt0.o
_sbrk                                             src/ASF/sam0/utils/syscalls/gcc/syscalls.o
_sfixed                                           src/ASF/sam0/utils/cmsis/samd10/source/gcc/startup_samd10.o
_srelocate                                        src/ASF/sam0/utils/cmsis/samd10/source/gcc/startup_samd10.o
_start                                            c:/program files (x86)/atmel/studio/7.0/toolchain/arm/arm-gnu-toolchain/bin/../lib/gcc/arm-none-eabi/6.2.1/../../../../arm-none-eabi/lib/thumb/v6-m/crt0.o
_system_divas_init                                src/ASF/sam0/drivers/system/system.o
_system_dummy_init                                src/ASF/sam0/drivers/system/system.o
_system_events_init                               src/ASF/sam0/drivers/system/system.o
_system_extint_init                               src/ASF/sam0/drivers/extint/extint_sam_d_r_h/extint.o
_szero                                            src/ASF/sam0/utils/cmsis/samd10/source/gcc/startup_samd10.o
_tc_get_inst_index                                src/ASF/sam0/drivers/tc/tc_sam_d_r_h/tc.o
                                                  src/timer.o
_tc_instances                                     src/ASF/sam0/drivers/tc/tc_interrupt.o
                                                  src/ASF/sam0/drivers/tc/tc_sam_d_r_h/tc.o
_tc_interrupt_handler                             src/ASF/sam0/drivers/tc/tc_interrupt.o
atexit                                            c:/program files (x86)/atmel/studio/7.0/toolchain/arm/arm-gnu-toolchain/bin/../lib/gcc/arm-none-eabi/6.2.1/../../../../arm-none-eabi/lib/thumb/v6-m/crt0.o
board_init                                        src/ASF/common2/boards/user_board/init.o
config_ds                                         src/timer.o
                                                  src/main.o
config_extint_callbacks_ds                        src/timer.o
config_extint_channel_ds                          src/timer.o
config_extint_ds                                  src/timer.o
config_pins_ds                                    src/timer.o
config_pins_timer_ds                              src/timer.o
config_tc1_ds                                     src/timer.o
cpu_irq_enter_critical                            src/ASF/common/utils/interrupt/interrupt_sam_nvic.o
                                                  src/ASF/sam0/drivers/system/clock/clock_samd09_d10_d11/gclk.o
cpu_irq_leave_critical                            src/ASF/common/utils/interrupt/interrupt_sam_nvic.o
                                                  src/ASF/sam0/drivers/system/clock/clock_samd09_d10_d11/gclk.o
dac_chan_abort_job                                src/ASF/sam0/drivers/dac/dac_sam_d_c_h/dac_callback.o
dac_chan_disable                                  src/ASF/sam0/drivers/dac/dac_sam_d_c_h/dac.o
dac_chan_disable_callback                         src/ASF/sam0/drivers/dac/dac_sam_d_c_h/dac_callback.o
dac_chan_disable_output_buffer                    src/ASF/sam0/drivers/dac/dac_sam_d_c_h/dac.o
dac_chan_enable                                   src/ASF/sam0/drivers/dac/dac_sam_d_c_h/dac.o
dac_chan_enable_callback                          src/ASF/sam0/drivers/dac/dac_sam_d_c_h/dac_callback.o
dac_chan_enable_output_buffer                     src/ASF/sam0/drivers/dac/dac_sam_d_c_h/dac.o
dac_chan_get_config_defaults                      src/ASF/sam0/drivers/dac/dac_sam_d_c_h/dac.o
dac_chan_get_job_status                           src/ASF/sam0/drivers/dac/dac_sam_d_c_h/dac_callback.o
dac_chan_set_config                               src/ASF/sam0/drivers/dac/dac_sam_d_c_h/dac.o
dac_chan_write                                    src/ASF/sam0/drivers/dac/dac_sam_d_c_h/dac.o
dac_chan_write_buffer_job                         src/ASF/sam0/drivers/dac/dac_sam_d_c_h/dac_callback.o
dac_chan_write_buffer_wait                        src/ASF/sam0/drivers/dac/dac_sam_d_c_h/dac.o
dac_chan_write_job                                src/ASF/sam0/drivers/dac/dac_sam_d_c_h/dac_callback.o
dac_clear_status                                  src/ASF/sam0/drivers/dac/dac_sam_d_c_h/dac.o
dac_disable                                       src/ASF/sam0/drivers/dac/dac_sam_d_c_h/dac.o
dac_disable_events                                src/ASF/sam0/drivers/dac/dac_sam_d_c_h/dac.o
dac_enable                                        src/ASF/sam0/drivers/dac/dac_sam_d_c_h/dac.o
dac_enable_events                                 src/ASF/sam0/drivers/dac/dac_sam_d_c_h/dac.o
dac_get_config_defaults                           src/ASF/sam0/drivers/dac/dac_sam_d_c_h/dac.o
dac_get_status                                    src/ASF/sam0/drivers/dac/dac_sam_d_c_h/dac.o
dac_init                                          src/ASF/sam0/drivers/dac/dac_sam_d_c_h/dac.o
dac_is_syncing                                    src/ASF/sam0/drivers/dac/dac_sam_d_c_h/dac.o
                                                  src/ASF/sam0/drivers/dac/dac_sam_d_c_h/dac_callback.o
dac_register_callback                             src/ASF/sam0/drivers/dac/dac_sam_d_c_h/dac_callback.o
dac_reset                                         src/ASF/sam0/drivers/dac/dac_sam_d_c_h/dac.o
dac_unregister_callback                           src/ASF/sam0/drivers/dac/dac_sam_d_c_h/dac_callback.o
delay_cycles_ms                                   src/ASF/common2/services/delay/sam0/systick_counter.o
delay_cycles_us                                   src/ASF/common2/services/delay/sam0/systick_counter.o
                                                  src/timer.o
delay_init                                        src/ASF/common2/services/delay/sam0/systick_counter.o
                                                  src/main.o
disable_extint_ds                                 src/timer.o
disable_tc1_ds                                    src/timer.o
echo_detection_callback                           src/timer.o
enable_extint_ds                                  src/timer.o
enable_tc1_ds                                     src/timer.o
exception_table                                   src/ASF/sam0/utils/cmsis/samd10/source/gcc/startup_samd10.o
exit                                              c:/program files (x86)/atmel/studio/7.0/toolchain/arm/arm-gnu-toolchain/bin/../lib/gcc/arm-none-eabi/6.2.1/../../../../arm-none-eabi/lib/thumb/v6-m\libc_nano.a(lib_a-exit.o)
                                                  c:/program files (x86)/atmel/studio/7.0/toolchain/arm/arm-gnu-toolchain/bin/../lib/gcc/arm-none-eabi/6.2.1/../../../../arm-none-eabi/lib/thumb/v6-m/crt0.o
extint_chan_disable_callback                      src/ASF/sam0/drivers/extint/extint_callback.o
                                                  src/timer.o
extint_chan_enable_callback                       src/ASF/sam0/drivers/extint/extint_callback.o
                                                  src/timer.o
extint_chan_get_config_defaults                   src/ASF/sam0/drivers/extint/extint_sam_d_r_h/extint.o
                                                  src/timer.o
extint_chan_set_config                            src/ASF/sam0/drivers/extint/extint_sam_d_r_h/extint.o
                                                  src/timer.o
extint_disable_events                             src/ASF/sam0/drivers/extint/extint_sam_d_r_h/extint.o
extint_enable_events                              src/ASF/sam0/drivers/extint/extint_sam_d_r_h/extint.o
extint_get_current_channel                        src/ASF/sam0/drivers/extint/extint_callback.o
extint_nmi_set_config                             src/ASF/sam0/drivers/extint/extint_sam_d_r_h/extint.o
extint_register_callback                          src/ASF/sam0/drivers/extint/extint_callback.o
                                                  src/timer.o
extint_unregister_callback                        src/ASF/sam0/drivers/extint/extint_callback.o
filter_digital                                    src/timer_control.o
                                                  src/test.o
g_interrupt_enabled                               src/ASF/common/utils/interrupt/interrupt_sam_nvic.o
hardware_init_hook                                c:/program files (x86)/atmel/studio/7.0/toolchain/arm/arm-gnu-toolchain/bin/../lib/gcc/arm-none-eabi/6.2.1/../../../../arm-none-eabi/lib/thumb/v6-m/crt0.o
link                                              src/ASF/sam0/utils/syscalls/gcc/syscalls.o
main                                              src/main.o
                                                  src/ASF/sam0/utils/cmsis/samd10/source/gcc/startup_samd10.o
                                                  c:/program files (x86)/atmel/studio/7.0/toolchain/arm/arm-gnu-toolchain/bin/../lib/gcc/arm-none-eabi/6.2.1/../../../../arm-none-eabi/lib/thumb/v6-m/crt0.o
memset                                            c:/program files (x86)/atmel/studio/7.0/toolchain/arm/arm-gnu-toolchain/bin/../lib/gcc/arm-none-eabi/6.2.1/../../../../arm-none-eabi/lib/thumb/v6-m\libc_nano.a(lib_a-memset.o)
                                                  c:/program files (x86)/atmel/studio/7.0/toolchain/arm/arm-gnu-toolchain/bin/../lib/gcc/arm-none-eabi/6.2.1/../../../../arm-none-eabi/lib/thumb/v6-m/crt0.o
port_group_set_config                             src/ASF/sam0/drivers/port/port.o
port_pin_set_config                               src/ASF/sam0/drivers/port/port.o
                                                  src/timer.o
pulse_width                                       src/main.o
                                                  src/timer_control.o
                                                  src/timer.o
read_ds_digital                                   src/timer_control.o
ready_distance_digital                            src/main.o
                                                  src/timer_control.o
                                                  src/timer.o
rising_edge                                       src/main.o
                                                  src/timer.o
software_init_hook                                c:/program files (x86)/atmel/studio/7.0/toolchain/arm/arm-gnu-toolchain/bin/../lib/gcc/arm-none-eabi/6.2.1/../../../../arm-none-eabi/lib/thumb/v6-m/crt0.o
system_board_init                                 src/ASF/common2/boards/user_board/init.o
system_clock_init                                 src/ASF/sam0/drivers/system/clock/clock_samd09_d10_d11/clock.o
system_clock_source_dfll_set_config               src/ASF/sam0/drivers/system/clock/clock_samd09_d10_d11/clock.o
system_clock_source_disable                       src/ASF/sam0/drivers/system/clock/clock_samd09_d10_d11/clock.o
system_clock_source_dpll_set_config               src/ASF/sam0/drivers/system/clock/clock_samd09_d10_d11/clock.o
system_clock_source_enable                        src/ASF/sam0/drivers/system/clock/clock_samd09_d10_d11/clock.o
system_clock_source_get_hz                        src/ASF/sam0/drivers/system/clock/clock_samd09_d10_d11/clock.o
                                                  src/ASF/sam0/drivers/system/clock/clock_samd09_d10_d11/gclk.o
system_clock_source_is_ready                      src/ASF/sam0/drivers/system/clock/clock_samd09_d10_d11/clock.o
system_clock_source_osc32k_set_config             src/ASF/sam0/drivers/system/clock/clock_samd09_d10_d11/clock.o
system_clock_source_osc8m_set_config              src/ASF/sam0/drivers/system/clock/clock_samd09_d10_d11/clock.o
system_clock_source_write_calibration             src/ASF/sam0/drivers/system/clock/clock_samd09_d10_d11/clock.o
system_clock_source_xosc32k_set_config            src/ASF/sam0/drivers/system/clock/clock_samd09_d10_d11/clock.o
system_clock_source_xosc_set_config               src/ASF/sam0/drivers/system/clock/clock_samd09_d10_d11/clock.o
system_gclk_chan_disable                          src/ASF/sam0/drivers/system/clock/clock_samd09_d10_d11/gclk.o
                                                  src/ASF/sam0/drivers/extint/extint_sam_d_r_h/extint.o
system_gclk_chan_enable                           src/ASF/sam0/drivers/system/clock/clock_samd09_d10_d11/gclk.o
                                                  src/ASF/sam0/drivers/tc/tc_sam_d_r_h/tc.o
                                                  src/ASF/sam0/drivers/extint/extint_sam_d_r_h/extint.o
                                                  src/ASF/sam0/drivers/dac/dac_sam_d_c_h/dac.o
system_gclk_chan_get_hz                           src/ASF/sam0/drivers/system/clock/clock_samd09_d10_d11/gclk.o
                                                  src/ASF/sam0/drivers/system/clock/clock_samd09_d10_d11/clock.o
system_gclk_chan_is_enabled                       src/ASF/sam0/drivers/system/clock/clock_samd09_d10_d11/gclk.o
system_gclk_chan_is_locked                        src/ASF/sam0/drivers/system/clock/clock_samd09_d10_d11/gclk.o
system_gclk_chan_lock                             src/ASF/sam0/drivers/system/clock/clock_samd09_d10_d11/gclk.o
system_gclk_chan_set_config                       src/ASF/sam0/drivers/system/clock/clock_samd09_d10_d11/gclk.o
                                                  src/ASF/sam0/drivers/system/clock/clock_samd09_d10_d11/clock.o
                                                  src/ASF/sam0/drivers/tc/tc_sam_d_r_h/tc.o
                                                  src/ASF/sam0/drivers/extint/extint_sam_d_r_h/extint.o
                                                  src/ASF/sam0/drivers/dac/dac_sam_d_c_h/dac.o
system_gclk_gen_disable                           src/ASF/sam0/drivers/system/clock/clock_samd09_d10_d11/gclk.o
system_gclk_gen_enable                            src/ASF/sam0/drivers/system/clock/clock_samd09_d10_d11/gclk.o
                                                  src/ASF/sam0/drivers/system/clock/clock_samd09_d10_d11/clock.o
system_gclk_gen_get_hz                            src/ASF/sam0/drivers/system/clock/clock_samd09_d10_d11/gclk.o
                                                  src/ASF/common2/services/delay/sam0/systick_counter.o
system_gclk_gen_is_enabled                        src/ASF/sam0/drivers/system/clock/clock_samd09_d10_d11/gclk.o
system_gclk_gen_set_config                        src/ASF/sam0/drivers/system/clock/clock_samd09_d10_d11/gclk.o
                                                  src/ASF/sam0/drivers/system/clock/clock_samd09_d10_d11/clock.o
system_gclk_init                                  src/ASF/sam0/drivers/system/clock/clock_samd09_d10_d11/gclk.o
                                                  src/ASF/sam0/drivers/system/clock/clock_samd09_d10_d11/clock.o
system_init                                       src/ASF/sam0/drivers/system/system.o
                                                  src/main.o
system_interrupt_clear_pending                    src/ASF/sam0/drivers/system/interrupt/system_interrupt.o
system_interrupt_get_priority                     src/ASF/sam0/drivers/system/interrupt/system_interrupt.o
system_interrupt_is_pending                       src/ASF/sam0/drivers/system/interrupt/system_interrupt.o
system_interrupt_set_pending                      src/ASF/sam0/drivers/system/interrupt/system_interrupt.o
system_interrupt_set_priority                     src/ASF/sam0/drivers/system/interrupt/system_interrupt.o
system_pinmux_group_set_config                    src/ASF/sam0/drivers/system/pinmux/pinmux.o
                                                  src/ASF/sam0/drivers/port/port.o
system_pinmux_group_set_input_sample_mode         src/ASF/sam0/drivers/system/pinmux/pinmux.o
system_pinmux_group_set_output_strength           src/ASF/sam0/drivers/system/pinmux/pinmux.o
system_pinmux_pin_set_config                      src/ASF/sam0/drivers/system/pinmux/pinmux.o
                                                  src/ASF/sam0/drivers/port/port.o
                                                  src/ASF/sam0/drivers/tc/tc_sam_d_r_h/tc.o
                                                  src/ASF/sam0/drivers/extint/extint_sam_d_r_h/extint.o
                                                  src/ASF/sam0/drivers/dac/dac_sam_d_c_h/dac.o
tc1_callbacks_ds                                  src/timer.o
tc_callback_trigger                               src/timer.o
tc_get_capture_value                              src/ASF/sam0/drivers/tc/tc_sam_d_r_h/tc.o
tc_get_count_value                                src/ASF/sam0/drivers/tc/tc_sam_d_r_h/tc.o
                                                  src/timer.o
tc_init                                           src/ASF/sam0/drivers/tc/tc_sam_d_r_h/tc.o
                                                  src/timer.o
tc_instance_ds                                    src/timer.o
tc_register_callback                              src/ASF/sam0/drivers/tc/tc_interrupt.o
                                                  src/timer.o
tc_reset                                          src/ASF/sam0/drivers/tc/tc_sam_d_r_h/tc.o
tc_set_compare_value                              src/ASF/sam0/drivers/tc/tc_sam_d_r_h/tc.o
tc_set_count_value                                src/ASF/sam0/drivers/tc/tc_sam_d_r_h/tc.o
                                                  src/timer.o
tc_set_top_value                                  src/ASF/sam0/drivers/tc/tc_sam_d_r_h/tc.o
tc_unregister_callback                            src/ASF/sam0/drivers/tc/tc_interrupt.o
test                                              src/test.o
                                                  src/main.o
