Archive member included to satisfy reference by file (symbol)

c:/program files (x86)/atmel/studio/7.0/toolchain/arm/arm-gnu-toolchain/bin/../lib/gcc/arm-none-eabi/6.2.1/thumb/v6-m\libgcc.a(_udivsi3.o)
                              src/ASF/common2/services/delay/sam0/systick_counter.o (__aeabi_uidiv)
c:/program files (x86)/atmel/studio/7.0/toolchain/arm/arm-gnu-toolchain/bin/../lib/gcc/arm-none-eabi/6.2.1/thumb/v6-m\libgcc.a(_divsi3.o)
                              src/dacc_control.o (__aeabi_idiv)
c:/program files (x86)/atmel/studio/7.0/toolchain/arm/arm-gnu-toolchain/bin/../lib/gcc/arm-none-eabi/6.2.1/thumb/v6-m\libgcc.a(_dvmd_tls.o)
                              c:/program files (x86)/atmel/studio/7.0/toolchain/arm/arm-gnu-toolchain/bin/../lib/gcc/arm-none-eabi/6.2.1/thumb/v6-m\libgcc.a(_udivsi3.o) (__aeabi_idiv0)
c:/program files (x86)/atmel/studio/7.0/toolchain/arm/arm-gnu-toolchain/bin/../lib/gcc/arm-none-eabi/6.2.1/../../../../arm-none-eabi/lib/thumb/v6-m\libc_nano.a(lib_a-exit.o)
                              c:/program files (x86)/atmel/studio/7.0/toolchain/arm/arm-gnu-toolchain/bin/../lib/gcc/arm-none-eabi/6.2.1/../../../../arm-none-eabi/lib/thumb/v6-m/crt0.o (exit)
c:/program files (x86)/atmel/studio/7.0/toolchain/arm/arm-gnu-toolchain/bin/../lib/gcc/arm-none-eabi/6.2.1/../../../../arm-none-eabi/lib/thumb/v6-m\libc_nano.a(lib_a-impure.o)
                              c:/program files (x86)/atmel/studio/7.0/toolchain/arm/arm-gnu-toolchain/bin/../lib/gcc/arm-none-eabi/6.2.1/../../../../arm-none-eabi/lib/thumb/v6-m\libc_nano.a(lib_a-exit.o) (_global_impure_ptr)
c:/program files (x86)/atmel/studio/7.0/toolchain/arm/arm-gnu-toolchain/bin/../lib/gcc/arm-none-eabi/6.2.1/../../../../arm-none-eabi/lib/thumb/v6-m\libc_nano.a(lib_a-init.o)
                              c:/program files (x86)/atmel/studio/7.0/toolchain/arm/arm-gnu-toolchain/bin/../lib/gcc/arm-none-eabi/6.2.1/../../../../arm-none-eabi/lib/thumb/v6-m/crt0.o (__libc_init_array)
c:/program files (x86)/atmel/studio/7.0/toolchain/arm/arm-gnu-toolchain/bin/../lib/gcc/arm-none-eabi/6.2.1/../../../../arm-none-eabi/lib/thumb/v6-m\libc_nano.a(lib_a-memset.o)
                              c:/program files (x86)/atmel/studio/7.0/toolchain/arm/arm-gnu-toolchain/bin/../lib/gcc/arm-none-eabi/6.2.1/../../../../arm-none-eabi/lib/thumb/v6-m/crt0.o (memset)

Allocating common symbols
Common symbol       size              file

tc_instance_ds      0x1c              src/timer.o
_tc_instances       0x8               src/ASF/sam0/drivers/tc/tc_interrupt.o
dac_instance_ds     0x24              src/dacc_control.o
_extint_dev         0x40              src/ASF/sam0/drivers/extint/extint_sam_d_r_h/extint.o
_dac_instances      0x4               src/ASF/sam0/drivers/dac/dac_sam_d_c_h/dac_callback.o
_current_channel    0x1               src/ASF/sam0/drivers/extint/extint_callback.o

Discarded input sections

 .text          0x00000000        0x0 c:/program files (x86)/atmel/studio/7.0/toolchain/arm/arm-gnu-toolchain/bin/../lib/gcc/arm-none-eabi/6.2.1/thumb/v6-m/crti.o
 .data          0x00000000        0x0 c:/program files (x86)/atmel/studio/7.0/toolchain/arm/arm-gnu-toolchain/bin/../lib/gcc/arm-none-eabi/6.2.1/thumb/v6-m/crti.o
 .bss           0x00000000        0x0 c:/program files (x86)/atmel/studio/7.0/toolchain/arm/arm-gnu-toolchain/bin/../lib/gcc/arm-none-eabi/6.2.1/thumb/v6-m/crti.o
 .data          0x00000000        0x4 c:/program files (x86)/atmel/studio/7.0/toolchain/arm/arm-gnu-toolchain/bin/../lib/gcc/arm-none-eabi/6.2.1/thumb/v6-m/crtbegin.o
 .text          0x00000000       0x78 c:/program files (x86)/atmel/studio/7.0/toolchain/arm/arm-gnu-toolchain/bin/../lib/gcc/arm-none-eabi/6.2.1/../../../../arm-none-eabi/lib/thumb/v6-m/crt0.o
 .data          0x00000000        0x0 c:/program files (x86)/atmel/studio/7.0/toolchain/arm/arm-gnu-toolchain/bin/../lib/gcc/arm-none-eabi/6.2.1/../../../../arm-none-eabi/lib/thumb/v6-m/crt0.o
 .bss           0x00000000        0x0 c:/program files (x86)/atmel/studio/7.0/toolchain/arm/arm-gnu-toolchain/bin/../lib/gcc/arm-none-eabi/6.2.1/../../../../arm-none-eabi/lib/thumb/v6-m/crt0.o
 .ARM.extab     0x00000000        0x0 c:/program files (x86)/atmel/studio/7.0/toolchain/arm/arm-gnu-toolchain/bin/../lib/gcc/arm-none-eabi/6.2.1/../../../../arm-none-eabi/lib/thumb/v6-m/crt0.o
 .ARM.exidx     0x00000000        0x8 c:/program files (x86)/atmel/studio/7.0/toolchain/arm/arm-gnu-toolchain/bin/../lib/gcc/arm-none-eabi/6.2.1/../../../../arm-none-eabi/lib/thumb/v6-m/crt0.o
 .ARM.attributes
                0x00000000       0x1b c:/program files (x86)/atmel/studio/7.0/toolchain/arm/arm-gnu-toolchain/bin/../lib/gcc/arm-none-eabi/6.2.1/../../../../arm-none-eabi/lib/thumb/v6-m/crt0.o
 .group         0x00000000        0x8 src/ASF/sam0/drivers/dac/dac_sam_d_c_h/dac.o
 .group         0x00000000        0x8 src/ASF/sam0/drivers/dac/dac_sam_d_c_h/dac.o
 .group         0x00000000        0x8 src/ASF/sam0/drivers/dac/dac_sam_d_c_h/dac.o
[...]
Memory Configuration

Name             Origin             Length             Attributes
rom              0x00000000         0x00002000         xr
ram              0x20000000         0x00001000         xrw
*default*        0x00000000         0xffffffff

Linker script and memory map

LOAD c:/program files (x86)/atmel/studio/7.0/toolchain/arm/arm-gnu-toolchain/bin/../lib/gcc/arm-none-eabi/6.2.1/thumb/v6-m/crti.o
LOAD c:/program files (x86)/atmel/studio/7.0/toolchain/arm/arm-gnu-toolchain/bin/../lib/gcc/arm-none-eabi/6.2.1/thumb/v6-m/crtbegin.o
LOAD c:/program files (x86)/atmel/studio/7.0/toolchain/arm/arm-gnu-toolchain/bin/../lib/gcc/arm-none-eabi/6.2.1/../../../../arm-none-eabi/lib/thumb/v6-m/crt0.o
LOAD src/ASF/sam0/drivers/dac/dac_sam_d_c_h/dac.o
LOAD src/ASF/sam0/drivers/dac/dac_sam_d_c_h/dac_callback.o
LOAD src/ASF/sam0/drivers/extint/extint_sam_d_r_h/extint.o
LOAD src/dacc_control.o
LOAD src/test.o
LOAD src/ASF/sam0/drivers/extint/extint_callback.o
LOAD src/ASF/sam0/drivers/tc/tc_sam_d_r_h/tc.o
LOAD src/dacc.o
LOAD src/timer.o
LOAD src/timer_control.o
LOAD src/ASF/sam0/drivers/tc/tc_interrupt.o
LOAD src/ASF/common2/services/delay/sam0/systick_counter.o
LOAD src/ASF/sam0/drivers/port/port.o
LOAD src/ASF/common2/boards/user_board/init.o
LOAD src/ASF/common/utils/interrupt/interrupt_sam_nvic.o
LOAD src/ASF/sam0/drivers/system/clock/clock_samd09_d10_d11/clock.o
LOAD src/ASF/sam0/drivers/system/clock/clock_samd09_d10_d11/gclk.o
LOAD src/ASF/sam0/drivers/system/interrupt/system_interrupt.o
LOAD src/ASF/sam0/drivers/system/pinmux/pinmux.o
LOAD src/ASF/sam0/drivers/system/system.o
LOAD src/ASF/sam0/utils/cmsis/samd10/source/gcc/startup_samd10.o
LOAD src/ASF/sam0/utils/cmsis/samd10/source/system_samd10.o
LOAD src/ASF/sam0/utils/syscalls/gcc/syscalls.o
LOAD src/main.o
START GROUP
LOAD ../src/ASF/thirdparty/CMSIS/Lib/GCC\libarm_cortexM0l_math.a
LOAD c:/program files (x86)/atmel/studio/7.0/toolchain/arm/arm-gnu-toolchain/bin/../lib/gcc/arm-none-eabi/6.2.1/../../../../arm-none-eabi/lib/thumb/v6-m\libm.a
END GROUP
START GROUP
LOAD c:/program files (x86)/atmel/studio/7.0/toolchain/arm/arm-gnu-toolchain/bin/../lib/gcc/arm-none-eabi/6.2.1/thumb/v6-m\libgcc.a
LOAD c:/program files (x86)/atmel/studio/7.0/toolchain/arm/arm-gnu-toolchain/bin/../lib/gcc/arm-none-eabi/6.2.1/../../../../arm-none-eabi/lib/thumb/v6-m\libc_nano.a
END GROUP
START GROUP
LOAD c:/program files (x86)/atmel/studio/7.0/toolchain/arm/arm-gnu-toolchain/bin/../lib/gcc/arm-none-eabi/6.2.1/thumb/v6-m\libgcc.a
LOAD c:/program files (x86)/atmel/studio/7.0/toolchain/arm/arm-gnu-toolchain/bin/../lib/gcc/arm-none-eabi/6.2.1/../../../../arm-none-eabi/lib/thumb/v6-m\libc_nano.a
END GROUP
LOAD c:/program files (x86)/atmel/studio/7.0/toolchain/arm/arm-gnu-toolchain/bin/../lib/gcc/arm-none-eabi/6.2.1/thumb/v6-m/crtend.o
LOAD c:/program files (x86)/atmel/studio/7.0/toolchain/arm/arm-gnu-toolchain/bin/../lib/gcc/arm-none-eabi/6.2.1/thumb/v6-m/crtn.o
                0x00000400                STACK_SIZE = DEFINED (STACK_SIZE)?STACK_SIZE:DEFINED (__stack_size__)?__stack_size__:0x400

.text           0x00000000     0x1690
                0x00000000                . = ALIGN (0x4)
                0x00000000                _sfixed = .
 *(.vectors .vectors.*)
 .vectors       0x00000000       0x8c src/ASF/sam0/utils/cmsis/samd10/source/gcc/startup_samd10.o
                0x00000000                exception_table
 *(.text .text.* .gnu.linkonce.t.*)
 .text          0x0000008c       0x60 c:/program files (x86)/atmel/studio/7.0/toolchain/arm/arm-gnu-toolchain/bin/../lib/gcc/arm-none-eabi/6.2.1/thumb/v6-m/crtbegin.o
 .text.dac_is_syncing
                0x000000ec        0x8 src/ASF/sam0/drivers/dac/dac_sam_d_c_h/dac.o
                0x000000ec                dac_is_syncing
 .text.dac_get_config_defaults
                0x000000f4       0x14 src/ASF/sam0/drivers/dac/dac_sam_d_c_h/dac.o
                0x000000f4                dac_get_config_defaults
 .text.dac_init
                0x00000108       0xd0 src/ASF/sam0/drivers/dac/dac_sam_d_c_h/dac.o
                0x00000108                dac_init
 .text.dac_enable
                0x000001d8       0x3c src/ASF/sam0/drivers/dac/dac_sam_d_c_h/dac.o
                0x000001d8                dac_enable
 .text.dac_chan_get_config_defaults
                0x00000214        0x2 src/ASF/sam0/drivers/dac/dac_sam_d_c_h/dac.o
                0x00000214                dac_chan_get_config_defaults
 .text.dac_chan_set_config
                0x00000216        0x2 src/ASF/sam0/drivers/dac/dac_sam_d_c_h/dac.o
                0x00000216                dac_chan_set_config
 .text.dac_chan_enable
                0x00000218        0x2 src/ASF/sam0/drivers/dac/dac_sam_d_c_h/dac.o
                0x00000218                dac_chan_enable
 *fill*         0x0000021a        0x2 
 .text.dac_chan_write
                0x0000021c       0x28 src/ASF/sam0/drivers/dac/dac_sam_d_c_h/dac.o
                0x0000021c                dac_chan_write
 .text.DAC_Handler
                0x00000244       0xa8 src/ASF/sam0/drivers/dac/dac_sam_d_c_h/dac_callback.o
                0x00000244                DAC_Handler
 .text._extint_enable
                0x000002ec       0x18 src/ASF/sam0/drivers/extint/extint_sam_d_r_h/extint.o
 .text._system_extint_init
                0x00000304       0x6c src/ASF/sam0/drivers/extint/extint_sam_d_r_h/extint.o
                0x00000304                _system_extint_init
 .text.extint_chan_get_config_defaults
                0x00000370       0x14 src/ASF/sam0/drivers/extint/extint_sam_d_r_h/extint.o
                0x00000370                extint_chan_get_config_defaults
 .text.extint_chan_set_config
                0x00000384       0x78 src/ASF/sam0/drivers/extint/extint_sam_d_r_h/extint.o
                0x00000384                extint_chan_set_config
 .text.convert_digital
                0x000003fc       0x58 src/dacc_control.o
                0x000003fc                convert_digital
 .text.extint_register_callback
                0x00000454       0x2c src/ASF/sam0/drivers/extint/extint_callback.o
                0x00000454                extint_register_callback
 .text.extint_chan_enable_callback
                0x00000480       0x20 src/ASF/sam0/drivers/extint/extint_callback.o
                0x00000480                extint_chan_enable_callback
 .text.EIC_Handler
                0x000004a0       0x54 src/ASF/sam0/drivers/extint/extint_callback.o
                0x000004a0                EIC_Handler
 .text._tc_get_inst_index
                0x000004f4       0x24 src/ASF/sam0/drivers/tc/tc_sam_d_r_h/tc.o
                0x000004f4                _tc_get_inst_index
 .text.tc_init  0x00000518      0x230 src/ASF/sam0/drivers/tc/tc_sam_d_r_h/tc.o
                0x00000518                tc_init
 .text.tc_set_count_value
                0x00000748       0x32 src/ASF/sam0/drivers/tc/tc_sam_d_r_h/tc.o
                0x00000748                tc_set_count_value
 .text.tc_get_count_value
                0x0000077a       0x2c src/ASF/sam0/drivers/tc/tc_sam_d_r_h/tc.o
                0x0000077a                tc_get_count_value
 *fill*         0x000007a6        0x2 
 .text.configure_dac
                0x000007a8       0x2c src/dacc.o
                0x000007a8                configure_dac
 .text.configure_dac_channel
                0x000007d4       0x34 src/dacc.o
                0x000007d4                configure_dac_channel
 .text.configure_dac_pins
                0x00000808       0x20 src/dacc.o
                0x00000808                configure_dac_pins
 .text.enable_dac
                0x00000828       0x14 src/dacc.o
                0x00000828                enable_dac
 .text.init_dac
                0x0000083c       0x24 src/dacc.o
                0x0000083c                init_dac
 .text.tc_callback_trigger
                0x00000860       0x2c src/timer.o
                0x00000860                tc_callback_trigger
 .text.echo_detection_callback
                0x0000088c       0x4c src/timer.o
                0x0000088c                echo_detection_callback
 .text.config_pins_ds
                0x000008d8       0x34 src/timer.o
                0x000008d8                config_pins_ds
 .text.config_tc1_ds
                0x0000090c       0x50 src/timer.o
                0x0000090c                config_tc1_ds
 .text.tc1_callbacks_ds
                0x0000095c       0x1c src/timer.o
                0x0000095c                tc1_callbacks_ds
 .text.enable_tc1_ds
                0x00000978       0x50 src/timer.o
                0x00000978                enable_tc1_ds
 .text.config_extint_channel_ds
                0x000009c8       0x34 src/timer.o
                0x000009c8                config_extint_channel_ds
 .text.config_extint_callbacks_ds
                0x000009fc       0x18 src/timer.o
                0x000009fc                config_extint_callbacks_ds
 .text.config_extint_ds
                0x00000a14       0x14 src/timer.o
                0x00000a14                config_extint_ds
 .text.enable_extint_ds
                0x00000a28       0x10 src/timer.o
                0x00000a28                enable_extint_ds
 .text.config_pins_timer_ds
                0x00000a38       0x1c src/timer.o
                0x00000a38                config_pins_timer_ds
 .text.config_ds
                0x00000a54       0x24 src/timer.o
                0x00000a54                config_ds
 .text.read_ds_digital
                0x00000a78       0x20 src/timer_control.o
                0x00000a78                read_ds_digital
 .text.tc_register_callback
                0x00000a98       0x32 src/ASF/sam0/drivers/tc/tc_interrupt.o
                0x00000a98                tc_register_callback
 *fill*         0x00000aca        0x2 
 .text._tc_interrupt_handler
                0x00000acc       0x64 src/ASF/sam0/drivers/tc/tc_interrupt.o
                0x00000acc                _tc_interrupt_handler
 .text.TC1_Handler
                0x00000b30       0x10 src/ASF/sam0/drivers/tc/tc_interrupt.o
                0x00000b30                TC1_Handler
 .text.TC2_Handler
                0x00000b40       0x10 src/ASF/sam0/drivers/tc/tc_interrupt.o
                0x00000b40                TC2_Handler
 .text.delay_init
                0x00000b50       0x40 src/ASF/common2/services/delay/sam0/systick_counter.o
                0x00000b50                delay_init
 .text.delay_cycles_us
                0x00000b90       0x2c src/ASF/common2/services/delay/sam0/systick_counter.o
                0x00000b90                delay_cycles_us
 .text.port_pin_set_config
                0x00000bbc       0x24 src/ASF/sam0/drivers/port/port.o
                0x00000bbc                port_pin_set_config
 .text.system_board_init
                0x00000be0        0x2 src/ASF/common2/boards/user_board/init.o
                0x00000be0                board_init
                0x00000be0                system_board_init
 *fill*         0x00000be2        0x2 
 .text.cpu_irq_enter_critical
                0x00000be4       0x40 src/ASF/common/utils/interrupt/interrupt_sam_nvic.o
                0x00000be4                cpu_irq_enter_critical
 .text.cpu_irq_leave_critical
                0x00000c24       0x30 src/ASF/common/utils/interrupt/interrupt_sam_nvic.o
                0x00000c24                cpu_irq_leave_critical
 .text.system_clock_source_get_hz
                0x00000c54       0x90 src/ASF/sam0/drivers/system/clock/clock_samd09_d10_d11/clock.o
                0x00000c54                system_clock_source_get_hz
 .text.system_clock_source_osc8m_set_config
                0x00000ce4       0x3c src/ASF/sam0/drivers/system/clock/clock_samd09_d10_d11/clock.o
                0x00000ce4                system_clock_source_osc8m_set_config
 .text.system_clock_source_enable
                0x00000d20       0xa8 src/ASF/sam0/drivers/system/clock/clock_samd09_d10_d11/clock.o
                0x00000d20                system_clock_source_enable
 .text.system_clock_init
                0x00000dc8       0x98 src/ASF/sam0/drivers/system/clock/clock_samd09_d10_d11/clock.o
                0x00000dc8                system_clock_init
 .text.system_gclk_init
                0x00000e60       0x24 src/ASF/sam0/drivers/system/clock/clock_samd09_d10_d11/gclk.o
                0x00000e60                system_gclk_init
 .text.system_gclk_gen_set_config
                0x00000e84       0xb8 src/ASF/sam0/drivers/system/clock/clock_samd09_d10_d11/gclk.o
                0x00000e84                system_gclk_gen_set_config
 .text.system_gclk_gen_enable
                0x00000f3c       0x44 src/ASF/sam0/drivers/system/clock/clock_samd09_d10_d11/gclk.o
                0x00000f3c                system_gclk_gen_enable
 .text.system_gclk_gen_get_hz
                0x00000f80       0x8c src/ASF/sam0/drivers/system/clock/clock_samd09_d10_d11/gclk.o
                0x00000f80                system_gclk_gen_get_hz
 .text.system_gclk_chan_enable
                0x0000100c       0x30 src/ASF/sam0/drivers/system/clock/clock_samd09_d10_d11/gclk.o
                0x0000100c                system_gclk_chan_enable
 .text.system_gclk_chan_disable
                0x0000103c       0x5c src/ASF/sam0/drivers/system/clock/clock_samd09_d10_d11/gclk.o
                0x0000103c                system_gclk_chan_disable
 .text.system_gclk_chan_set_config
                0x00001098       0x1c src/ASF/sam0/drivers/system/clock/clock_samd09_d10_d11/gclk.o
                0x00001098                system_gclk_chan_set_config
 .text.system_gclk_chan_get_hz
                0x000010b4       0x34 src/ASF/sam0/drivers/system/clock/clock_samd09_d10_d11/gclk.o
                0x000010b4                system_gclk_chan_get_hz
 .text._system_pinmux_config
                0x000010e8       0xa8 src/ASF/sam0/drivers/system/pinmux/pinmux.o
 .text.system_pinmux_pin_set_config
                0x00001190       0x30 src/ASF/sam0/drivers/system/pinmux/pinmux.o
                0x00001190                system_pinmux_pin_set_config
 .text._system_dummy_init
                0x000011c0        0x2 src/ASF/sam0/drivers/system/system.o
                0x000011c0                _system_events_init
                0x000011c0                _system_dummy_init
                0x000011c0                _system_divas_init
 *fill*         0x000011c2        0x2 
 .text.system_init
                0x000011c4       0x2c src/ASF/sam0/drivers/system/system.o
                0x000011c4                system_init
 .text.Dummy_Handler
                0x000011f0        0x2 src/ASF/sam0/utils/cmsis/samd10/source/gcc/startup_samd10.o
                0x000011f0                DMAC_Handler
                0x000011f0                HardFault_Handler
                0x000011f0                AC_Handler
                0x000011f0                SysTick_Handler
                0x000011f0                PendSV_Handler
                0x000011f0                NMI_Handler
                0x000011f0                SERCOM1_Handler
                0x000011f0                ADC_Handler
                0x000011f0                TCC0_Handler
                0x000011f0                RTC_Handler
                0x000011f0                WDT_Handler
                0x000011f0                Dummy_Handler
                0x000011f0                PM_Handler
                0x000011f0                SVC_Handler
                0x000011f0                EVSYS_Handler
                0x000011f0                NVMCTRL_Handler
                0x000011f0                SERCOM0_Handler
                0x000011f0                PTC_Handler
                0x000011f0                SYSCTRL_Handler
 *fill*         0x000011f2        0x2 
 .text.Reset_Handler
                0x000011f4       0xd0 src/ASF/sam0/utils/cmsis/samd10/source/gcc/startup_samd10.o
                0x000011f4                Reset_Handler
 .text.main     0x000012c4       0x2c src/main.o
                0x000012c4                main
 .text          0x000012f0      0x114 c:/program files (x86)/atmel/studio/7.0/toolchain/arm/arm-gnu-toolchain/bin/../lib/gcc/arm-none-eabi/6.2.1/thumb/v6-m\libgcc.a(_udivsi3.o)
                0x000012f0                __aeabi_uidiv
                0x000012f0                __udivsi3
                0x000013fc                __aeabi_uidivmod
 .text          0x00001404      0x1d4 c:/program files (x86)/atmel/studio/7.0/toolchain/arm/arm-gnu-toolchain/bin/../lib/gcc/arm-none-eabi/6.2.1/thumb/v6-m\libgcc.a(_divsi3.o)
                0x00001404                __divsi3
                0x00001404                __aeabi_idiv
                0x000015d0                __aeabi_idivmod
 .text          0x000015d8        0x4 c:/program files (x86)/atmel/studio/7.0/toolchain/arm/arm-gnu-toolchain/bin/../lib/gcc/arm-none-eabi/6.2.1/thumb/v6-m\libgcc.a(_dvmd_tls.o)
                0x000015d8                __aeabi_idiv0
                0x000015d8                __aeabi_ldiv0
 .text.__libc_init_array
                0x000015dc       0x48 c:/program files (x86)/atmel/studio/7.0/toolchain/arm/arm-gnu-toolchain/bin/../lib/gcc/arm-none-eabi/6.2.1/../../../../arm-none-eabi/lib/thumb/v6-m\libc_nano.a(lib_a-init.o)
                0x000015dc                __libc_init_array
 *(.glue_7t)
 .glue_7t       0x00001624        0x0 linker stubs
 *(.glue_7)
 .glue_7        0x00001624        0x0 linker stubs
 *(.rodata .rodata* .gnu.linkonce.r.*)
 .rodata.tc_interrupt_vectors.11470
                0x00001624        0x2 src/timer.o
 *fill*         0x00001626        0x2 
 .rodata.system_clock_source_get_hz
                0x00001628       0x24 src/ASF/sam0/drivers/system/clock/clock_samd09_d10_d11/clock.o
 .rodata.system_clock_source_enable
                0x0000164c       0x24 src/ASF/sam0/drivers/system/clock/clock_samd09_d10_d11/clock.o
 *(.ARM.extab* .gnu.linkonce.armextab.*)
                0x00001670                . = ALIGN (0x4)
 *(.init)
 .init          0x00001670        0x4 c:/program files (x86)/atmel/studio/7.0/toolchain/arm/arm-gnu-toolchain/bin/../lib/gcc/arm-none-eabi/6.2.1/thumb/v6-m/crti.o
                0x00001670                _init
 .init          0x00001674        0x8 c:/program files (x86)/atmel/studio/7.0/toolchain/arm/arm-gnu-toolchain/bin/../lib/gcc/arm-none-eabi/6.2.1/thumb/v6-m/crtn.o
                0x0000167c                . = ALIGN (0x4)
                0x0000167c                __preinit_array_start = .
 *(.preinit_array)
                0x0000167c                __preinit_array_end = .
                0x0000167c                . = ALIGN (0x4)
                0x0000167c                __init_array_start = .
 *(SORT(.init_array.*))
 *(.init_array)
 .init_array    0x0000167c        0x4 c:/program files (x86)/atmel/studio/7.0/toolchain/arm/arm-gnu-toolchain/bin/../lib/gcc/arm-none-eabi/6.2.1/thumb/v6-m/crtbegin.o
                0x00001680                __init_array_end = .
                0x00001680                . = ALIGN (0x4)
 *crtbegin.o(.ctors)
 *(EXCLUDE_FILE(*crtend.o) .ctors)
 *(SORT(.ctors.*))
 *crtend.o(.ctors)
                0x00001680                . = ALIGN (0x4)
 *(.fini)
 .fini          0x00001680        0x4 c:/program files (x86)/atmel/studio/7.0/toolchain/arm/arm-gnu-toolchain/bin/../lib/gcc/arm-none-eabi/6.2.1/thumb/v6-m/crti.o
                0x00001680                _fini
 .fini          0x00001684        0x8 c:/program files (x86)/atmel/studio/7.0/toolchain/arm/arm-gnu-toolchain/bin/../lib/gcc/arm-none-eabi/6.2.1/thumb/v6-m/crtn.o
                0x0000168c                . = ALIGN (0x4)
                0x0000168c                __fini_array_start = .
 *(.fini_array)
 .fini_array    0x0000168c        0x4 c:/program files (x86)/atmel/studio/7.0/toolchain/arm/arm-gnu-toolchain/bin/../lib/gcc/arm-none-eabi/6.2.1/thumb/v6-m/crtbegin.o
 *(SORT(.fini_array.*))
                0x00001690                __fini_array_end = .
 *crtbegin.o(.dtors)
 *(EXCLUDE_FILE(*crtend.o) .dtors)
 *(SORT(.dtors.*))
 *crtend.o(.dtors)
                0x00001690                . = ALIGN (0x4)
                0x00001690                _efixed = .
                [!provide]                PROVIDE (__exidx_start, .)

.vfp11_veneer   0x00001690        0x0
 .vfp11_veneer  0x00001690        0x0 linker stubs

.v4_bx          0x00001690        0x0
 .v4_bx         0x00001690        0x0 linker stubs

.iplt           0x00001690        0x0
 .iplt          0x00001690        0x0 c:/program files (x86)/atmel/studio/7.0/toolchain/arm/arm-gnu-toolchain/bin/../lib/gcc/arm-none-eabi/6.2.1/thumb/v6-m/crtbegin.o

.eh_frame       0x00001690        0x0
 .eh_frame      0x00001690        0x0 c:/program files (x86)/atmel/studio/7.0/toolchain/arm/arm-gnu-toolchain/bin/../lib/gcc/arm-none-eabi/6.2.1/thumb/v6-m/crtbegin.o

.rel.dyn        0x00001690        0x0
 .rel.iplt      0x00001690        0x0 c:/program files (x86)/atmel/studio/7.0/toolchain/arm/arm-gnu-toolchain/bin/../lib/gcc/arm-none-eabi/6.2.1/thumb/v6-m/crtbegin.o

.jcr            0x00001690        0x0
 .jcr           0x00001690        0x0 c:/program files (x86)/atmel/studio/7.0/toolchain/arm/arm-gnu-toolchain/bin/../lib/gcc/arm-none-eabi/6.2.1/thumb/v6-m/crtbegin.o

.igot.plt       0x00001690        0x0
 .igot.plt      0x00001690        0x0 c:/program files (x86)/atmel/studio/7.0/toolchain/arm/arm-gnu-toolchain/bin/../lib/gcc/arm-none-eabi/6.2.1/thumb/v6-m/crtbegin.o

.ARM.exidx
 *(.ARM.exidx* .gnu.linkonce.armexidx.*)
                [!provide]                PROVIDE (__exidx_end, .)
                0x00001690                . = ALIGN (0x4)
                0x00001690                _etext = .

.relocate       0x20000000        0xc load address 0x00001690
                0x20000000                . = ALIGN (0x4)
                0x20000000                _srelocate = .
 *(.ramfunc .ramfunc.*)
 *(.data .data.*)
 .data.cycles_per_ms
                0x20000000        0x4 src/ASF/common2/services/delay/sam0/systick_counter.o
 .data.cycles_per_us
                0x20000004        0x4 src/ASF/common2/services/delay/sam0/systick_counter.o
 .data.g_interrupt_enabled
                0x20000008        0x1 src/ASF/common/utils/interrupt/interrupt_sam_nvic.o
                0x20000008                g_interrupt_enabled
                0x2000000c                . = ALIGN (0x4)
 *fill*         0x20000009        0x3 
                0x2000000c                _erelocate = .

.bss            0x2000000c       0xd8 load address 0x0000169c
                0x2000000c                . = ALIGN (0x4)
                0x2000000c                _sbss = .
                0x2000000c                _szero = .
 *(.bss .bss.*)
 .bss           0x2000000c       0x1c c:/program files (x86)/atmel/studio/7.0/toolchain/arm/arm-gnu-toolchain/bin/../lib/gcc/arm-none-eabi/6.2.1/thumb/v6-m/crtbegin.o
 .bss.digital_value
                0x20000028        0x4 src/dacc_control.o
 .bss.cpu_irq_critical_section_counter
                0x2000002c        0x4 src/ASF/common/utils/interrupt/interrupt_sam_nvic.o
 .bss.cpu_irq_prev_interrupt_state
                0x20000030        0x1 src/ASF/common/utils/interrupt/interrupt_sam_nvic.o
 *fill*         0x20000031        0x3 
 .bss._system_clock_inst
                0x20000034       0x18 src/ASF/sam0/drivers/system/clock/clock_samd09_d10_d11/clock.o
 .bss.pulse_width
                0x2000004c        0x2 src/main.o
                0x2000004c                pulse_width
 .bss.ready_distance_digital
                0x2000004e        0x1 src/main.o
                0x2000004e                ready_distance_digital
 *fill*         0x2000004f        0x1 
 .bss.rising_edge
                0x20000050        0x2 src/main.o
                0x20000050                rising_edge
 *(COMMON)
 *fill*         0x20000052        0x2 
 COMMON         0x20000054        0x4 src/ASF/sam0/drivers/dac/dac_sam_d_c_h/dac_callback.o
                0x20000054                _dac_instances
 COMMON         0x20000058       0x40 src/ASF/sam0/drivers/extint/extint_sam_d_r_h/extint.o
                0x20000058                _extint_dev
 COMMON         0x20000098       0x24 src/dacc_control.o
                0x20000098                dac_instance_ds
 COMMON         0x200000bc        0x1 src/ASF/sam0/drivers/extint/extint_callback.o
                0x200000bc                _current_channel
 *fill*         0x200000bd        0x3 
 COMMON         0x200000c0       0x1c src/timer.o
                0x200000c0                tc_instance_ds
 COMMON         0x200000dc        0x8 src/ASF/sam0/drivers/tc/tc_interrupt.o
                0x200000dc                _tc_instances
                0x200000e4                . = ALIGN (0x4)
                0x200000e4                _ebss = .
                0x200000e4                _ezero = .

.stack          0x200000e4      0x404 load address 0x00001774
                0x200000e8                . = ALIGN (0x8)
 *fill*         0x200000e4        0x4 
                0x200000e8                _sstack = .
                0x200004e8                . = (. + STACK_SIZE)
 *fill*         0x200000e8      0x400 
                0x200004e8                . = ALIGN (0x8)
                0x200004e8                _estack = .
                0x200004e8                . = ALIGN (0x4)
                0x200004e8                _end = .
OUTPUT(DistanceSensor.elf elf32-littlearm)

.ARM.attributes
                0x00000000       0x28
 .ARM.attributes
                0x00000000       0x1e c:/program files (x86)/atmel/studio/7.0/toolchain/arm/arm-gnu-toolchain/bin/../lib/gcc/arm-none-eabi/6.2.1/thumb/v6-m/crti.o
 .ARM.attributes
                0x0000001e       0x2c c:/program files (x86)/atmel/studio/7.0/toolchain/arm/arm-gnu-toolchain/bin/../lib/gcc/arm-none-eabi/6.2.1/thumb/v6-m/crtbegin.o
 .ARM.attributes
                0x0000004a       0x32 src/ASF/sam0/drivers/dac/dac_sam_d_c_h/dac.o
 .ARM.attributes
                0x0000007c       0x32 src/ASF/sam0/drivers/dac/dac_sam_d_c_h/dac_callback.o
 .ARM.attributes
                0x000000ae       0x32 src/ASF/sam0/drivers/extint/extint_sam_d_r_h/extint.o
 .ARM.attributes
                0x000000e0       0x32 src/dacc_control.o
 .ARM.attributes
                0x00000112       0x32 src/ASF/sam0/drivers/extint/extint_callback.o
 .ARM.attributes
                0x00000144       0x32 src/ASF/sam0/drivers/tc/tc_sam_d_r_h/tc.o
 .ARM.attributes
                0x00000176       0x32 src/dacc.o
 .ARM.attributes
                0x000001a8       0x32 src/timer.o
 .ARM.attributes
                0x000001da       0x32 src/timer_control.o
 .ARM.attributes
                0x0000020c       0x32 src/ASF/sam0/drivers/tc/tc_interrupt.o
 .ARM.attributes
                0x0000023e       0x32 src/ASF/common2/services/delay/sam0/systick_counter.o
 .ARM.attributes
                0x00000270       0x32 src/ASF/sam0/drivers/port/port.o
 .ARM.attributes
                0x000002a2       0x32 src/ASF/common2/boards/user_board/init.o
 .ARM.attributes
                0x000002d4       0x32 src/ASF/common/utils/interrupt/interrupt_sam_nvic.o
 .ARM.attributes
                0x00000306       0x32 src/ASF/sam0/drivers/system/clock/clock_samd09_d10_d11/clock.o
 .ARM.attributes
                0x00000338       0x32 src/ASF/sam0/drivers/system/clock/clock_samd09_d10_d11/gclk.o
 .ARM.attributes
                0x0000036a       0x32 src/ASF/sam0/drivers/system/pinmux/pinmux.o
 .ARM.attributes
                0x0000039c       0x32 src/ASF/sam0/drivers/system/system.o
 .ARM.attributes
                0x000003ce       0x32 src/ASF/sam0/utils/cmsis/samd10/source/gcc/startup_samd10.o
 .ARM.attributes
                0x00000400       0x32 src/main.o
 .ARM.attributes
                0x00000432       0x1e c:/program files (x86)/atmel/studio/7.0/toolchain/arm/arm-gnu-toolchain/bin/../lib/gcc/arm-none-eabi/6.2.1/thumb/v6-m\libgcc.a(_udivsi3.o)
 .ARM.attributes
                0x00000450       0x1e c:/program files (x86)/atmel/studio/7.0/toolchain/arm/arm-gnu-toolchain/bin/../lib/gcc/arm-none-eabi/6.2.1/thumb/v6-m\libgcc.a(_divsi3.o)
 .ARM.attributes
                0x0000046e       0x1e c:/program files (x86)/atmel/studio/7.0/toolchain/arm/arm-gnu-toolchain/bin/../lib/gcc/arm-none-eabi/6.2.1/thumb/v6-m\libgcc.a(_dvmd_tls.o)
 .ARM.attributes
                0x0000048c       0x2c c:/program files (x86)/atmel/studio/7.0/toolchain/arm/arm-gnu-toolchain/bin/../lib/gcc/arm-none-eabi/6.2.1/../../../../arm-none-eabi/lib/thumb/v6-m\libc_nano.a(lib_a-init.o)
 .ARM.attributes
                0x000004b8       0x1e c:/program files (x86)/atmel/studio/7.0/toolchain/arm/arm-gnu-toolchain/bin/../lib/gcc/arm-none-eabi/6.2.1/thumb/v6-m/crtn.o

.comment        0x00000000       0x59
 .comment       0x00000000       0x59 src/ASF/sam0/drivers/dac/dac_sam_d_c_h/dac.o
                                 0x5a (size before relaxing)
 .comment       0x00000059       0x5a src/ASF/sam0/drivers/dac/dac_sam_d_c_h/dac_callback.o
 .comment       0x00000059       0x5a src/ASF/sam0/drivers/extint/extint_sam_d_r_h/extint.o
 .comment       0x00000059       0x5a src/dacc_control.o
 .comment       0x00000059       0x5a src/ASF/sam0/drivers/extint/extint_callback.o
 .comment       0x00000059       0x5a src/ASF/sam0/drivers/tc/tc_sam_d_r_h/tc.o
 .comment       0x00000059       0x5a src/dacc.o
 .comment       0x00000059       0x5a src/timer.o
 .comment       0x00000059       0x5a src/timer_control.o
 .comment       0x00000059       0x5a src/ASF/sam0/drivers/tc/tc_interrupt.o
 .comment       0x00000059       0x5a src/ASF/common2/services/delay/sam0/systick_counter.o
 .comment       0x00000059       0x5a src/ASF/sam0/drivers/port/port.o
 .comment       0x00000059       0x5a src/ASF/common2/boards/user_board/init.o
 .comment       0x00000059       0x5a src/ASF/common/utils/interrupt/interrupt_sam_nvic.o
 .comment       0x00000059       0x5a src/ASF/sam0/drivers/system/clock/clock_samd09_d10_d11/clock.o
 .comment       0x00000059       0x5a src/ASF/sam0/drivers/system/clock/clock_samd09_d10_d11/gclk.o
 .comment       0x00000059       0x5a src/ASF/sam0/drivers/system/pinmux/pinmux.o
 .comment       0x00000059       0x5a src/ASF/sam0/drivers/system/system.o
 .comment       0x00000059       0x5a src/ASF/sam0/utils/cmsis/samd10/source/gcc/startup_samd10.o
 .comment       0x00000059       0x5a src/main.o

.debug_info     0x00000000    0x21cdf
 .debug_info    0x00000000     0x335b src/ASF/sam0/drivers/dac/dac_sam_d_c_h/dac.o
 .debug_info    0x0000335b     0x173f src/ASF/sam0/drivers/dac/dac_sam_d_c_h/dac_callback.o
 .debug_info    0x00004a9a     0x2750 src/ASF/sam0/drivers/extint/extint_sam_d_r_h/extint.o
 .debug_info    0x000071ea     0x12fd src/dacc_control.o
 .debug_info    0x000084e7     0x16d0 src/ASF/sam0/drivers/extint/extint_callback.o
 .debug_info    0x00009bb7     0x2eb9 src/ASF/sam0/drivers/tc/tc_sam_d_r_h/tc.o
 .debug_info    0x0000ca70     0x15cc src/dacc.o
 .debug_info    0x0000e03c     0x34de src/timer.o
 .debug_info    0x0001151a     0x11d3 src/timer_control.o
 .debug_info    0x000126ed     0x1ae3 src/ASF/sam0/drivers/tc/tc_interrupt.o
 .debug_info    0x000141d0      0xb81 src/ASF/common2/services/delay/sam0/systick_counter.o
 .debug_info    0x00014d51     0x12ac src/ASF/sam0/drivers/port/port.o
 .debug_info    0x00015ffd     0x111c src/ASF/common2/boards/user_board/init.o
 .debug_info    0x00017119      0xafb src/ASF/common/utils/interrupt/interrupt_sam_nvic.o
 .debug_info    0x00017c14     0x3654 src/ASF/sam0/drivers/system/clock/clock_samd09_d10_d11/clock.o
 .debug_info    0x0001b268     0x1e47 src/ASF/sam0/drivers/system/clock/clock_samd09_d10_d11/gclk.o
 .debug_info    0x0001d0af     0x13ea src/ASF/sam0/drivers/system/pinmux/pinmux.o
 .debug_info    0x0001e499      0xa67 src/ASF/sam0/drivers/system/system.o
 .debug_info    0x0001ef00     0x1ab0 src/ASF/sam0/utils/cmsis/samd10/source/gcc/startup_samd10.o
 .debug_info    0x000209b0     0x132f src/main.o

.debug_abbrev   0x00000000     0x3f1f
 .debug_abbrev  0x00000000      0x458 src/ASF/sam0/drivers/dac/dac_sam_d_c_h/dac.o
 .debug_abbrev  0x00000458      0x3d4 src/ASF/sam0/drivers/dac/dac_sam_d_c_h/dac_callback.o
 .debug_abbrev  0x0000082c      0x4a7 src/ASF/sam0/drivers/extint/extint_sam_d_r_h/extint.o
 .debug_abbrev  0x00000cd3      0x29b src/dacc_control.o
 .debug_abbrev  0x00000f6e      0x333 src/ASF/sam0/drivers/extint/extint_callback.o
 .debug_abbrev  0x000012a1      0x44f src/ASF/sam0/drivers/tc/tc_sam_d_r_h/tc.o
 .debug_abbrev  0x000016f0      0x303 src/dacc.o
 .debug_abbrev  0x000019f3      0x409 src/timer.o
 .debug_abbrev  0x00001dfc      0x28e src/timer_control.o
 .debug_abbrev  0x0000208a      0x2ff src/ASF/sam0/drivers/tc/tc_interrupt.o
 .debug_abbrev  0x00002389      0x24b src/ASF/common2/services/delay/sam0/systick_counter.o
 .debug_abbrev  0x000025d4      0x298 src/ASF/sam0/drivers/port/port.o
 .debug_abbrev  0x0000286c      0x244 src/ASF/common2/boards/user_board/init.o
 .debug_abbrev  0x00002ab0      0x22c src/ASF/common/utils/interrupt/interrupt_sam_nvic.o
 .debug_abbrev  0x00002cdc      0x465 src/ASF/sam0/drivers/system/clock/clock_samd09_d10_d11/clock.o
 .debug_abbrev  0x00003141      0x3f1 src/ASF/sam0/drivers/system/clock/clock_samd09_d10_d11/gclk.o
 .debug_abbrev  0x00003532      0x36e src/ASF/sam0/drivers/system/pinmux/pinmux.o
 .debug_abbrev  0x000038a0      0x1e1 src/ASF/sam0/drivers/system/system.o
 .debug_abbrev  0x00003a81      0x200 src/ASF/sam0/utils/cmsis/samd10/source/gcc/startup_samd10.o
 .debug_abbrev  0x00003c81      0x29e src/main.o

.debug_loc      0x00000000     0x4206
 .debug_loc     0x00000000      0x77f src/ASF/sam0/drivers/dac/dac_sam_d_c_h/dac.o
 .debug_loc     0x0000077f      0x4f8 src/ASF/sam0/drivers/dac/dac_sam_d_c_h/dac_callback.o
 .debug_loc     0x00000c77      0x43d src/ASF/sam0/drivers/extint/extint_sam_d_r_h/extint.o
 .debug_loc     0x000010b4       0x20 src/dacc_control.o
 .debug_loc     0x000010d4      0x2ac src/ASF/sam0/drivers/extint/extint_callback.o
 .debug_loc     0x00001380      0xdb9 src/ASF/sam0/drivers/tc/tc_sam_d_r_h/tc.o
 .debug_loc     0x00002139       0xe4 src/dacc.o
 .debug_loc     0x0000221d      0x3e8 src/timer.o
 .debug_loc     0x00002605       0x8c src/timer_control.o
 .debug_loc     0x00002691      0x168 src/ASF/sam0/drivers/tc/tc_interrupt.o
 .debug_loc     0x000027f9       0xe4 src/ASF/common2/services/delay/sam0/systick_counter.o
 .debug_loc     0x000028dd      0x13d src/ASF/sam0/drivers/port/port.o
 .debug_loc     0x00002a1a      0xefb src/ASF/sam0/drivers/system/clock/clock_samd09_d10_d11/clock.o
 .debug_loc     0x00003915      0x504 src/ASF/sam0/drivers/system/clock/clock_samd09_d10_d11/gclk.o
 .debug_loc     0x00003e19      0x36d src/ASF/sam0/drivers/system/pinmux/pinmux.o
 .debug_loc     0x00004186       0x20 src/ASF/sam0/drivers/system/system.o
 .debug_loc     0x000041a6       0x40 src/ASF/sam0/utils/cmsis/samd10/source/gcc/startup_samd10.o
 .debug_loc     0x000041e6       0x20 src/main.o

.debug_aranges  0x00000000      0x590
 .debug_aranges
                0x00000000       0xa8 src/ASF/sam0/drivers/dac/dac_sam_d_c_h/dac.o
 .debug_aranges
                0x000000a8       0x60 src/ASF/sam0/drivers/dac/dac_sam_d_c_h/dac_callback.o
 .debug_aranges
                0x00000108       0x50 src/ASF/sam0/drivers/extint/extint_sam_d_r_h/extint.o
 .debug_aranges
                0x00000158       0x20 src/dacc_control.o
 .debug_aranges
                0x00000178       0x48 src/ASF/sam0/drivers/extint/extint_callback.o
 .debug_aranges
                0x000001c0       0x58 src/ASF/sam0/drivers/tc/tc_sam_d_r_h/tc.o
 .debug_aranges
                0x00000218       0x40 src/dacc.o
 .debug_aranges
                0x00000258       0x88 src/timer.o
 .debug_aranges
                0x000002e0       0x28 src/timer_control.o
 .debug_aranges
                0x00000308       0x40 src/ASF/sam0/drivers/tc/tc_interrupt.o
 .debug_aranges
                0x00000348       0x30 src/ASF/common2/services/delay/sam0/systick_counter.o
 .debug_aranges
                0x00000378       0x28 src/ASF/sam0/drivers/port/port.o
 .debug_aranges
                0x000003a0       0x20 src/ASF/common2/boards/user_board/init.o
 .debug_aranges
                0x000003c0       0x28 src/ASF/common/utils/interrupt/interrupt_sam_nvic.o
 .debug_aranges
                0x000003e8       0x78 src/ASF/sam0/drivers/system/clock/clock_samd09_d10_d11/clock.o
 .debug_aranges
                0x00000460       0x80 src/ASF/sam0/drivers/system/clock/clock_samd09_d10_d11/gclk.o
 .debug_aranges
                0x000004e0       0x40 src/ASF/sam0/drivers/system/pinmux/pinmux.o
 .debug_aranges
                0x00000520       0x28 src/ASF/sam0/drivers/system/system.o
 .debug_aranges
                0x00000548       0x28 src/ASF/sam0/utils/cmsis/samd10/source/gcc/startup_samd10.o
 .debug_aranges
                0x00000570       0x20 src/main.o

.debug_ranges   0x00000000      0x578
 .debug_ranges  0x00000000       0xb8 src/ASF/sam0/drivers/dac/dac_sam_d_c_h/dac.o
 .debug_ranges  0x000000b8       0x68 src/ASF/sam0/drivers/dac/dac_sam_d_c_h/dac_callback.o
 .debug_ranges  0x00000120       0x40 src/ASF/sam0/drivers/extint/extint_sam_d_r_h/extint.o
 .debug_ranges  0x00000160       0x10 src/dacc_control.o
 .debug_ranges  0x00000170       0x90 src/ASF/sam0/drivers/extint/extint_callback.o
 .debug_ranges  0x00000200       0x98 src/ASF/sam0/drivers/tc/tc_sam_d_r_h/tc.o
 .debug_ranges  0x00000298       0x30 src/dacc.o
 .debug_ranges  0x000002c8       0x78 src/timer.o
 .debug_ranges  0x00000340       0x18 src/timer_control.o
 .debug_ranges  0x00000358       0x30 src/ASF/sam0/drivers/tc/tc_interrupt.o
 .debug_ranges  0x00000388       0x50 src/ASF/common2/services/delay/sam0/systick_counter.o
 .debug_ranges  0x000003d8       0x18 src/ASF/sam0/drivers/port/port.o
 .debug_ranges  0x000003f0       0x10 src/ASF/common2/boards/user_board/init.o
 .debug_ranges  0x00000400       0x18 src/ASF/common/utils/interrupt/interrupt_sam_nvic.o
 .debug_ranges  0x00000418       0x68 src/ASF/sam0/drivers/system/clock/clock_samd09_d10_d11/clock.o
 .debug_ranges  0x00000480       0x88 src/ASF/sam0/drivers/system/clock/clock_samd09_d10_d11/gclk.o
 .debug_ranges  0x00000508       0x30 src/ASF/sam0/drivers/system/pinmux/pinmux.o
 .debug_ranges  0x00000538       0x18 src/ASF/sam0/drivers/system/system.o
 .debug_ranges  0x00000550       0x18 src/ASF/sam0/utils/cmsis/samd10/source/gcc/startup_samd10.o
 .debug_ranges  0x00000568       0x10 src/main.o

.debug_macro    0x00000000    0x15c7c
 .debug_macro   0x00000000      0x504 src/ASF/sam0/drivers/dac/dac_sam_d_c_h/dac.o
 .debug_macro   0x00000504      0x8bc src/ASF/sam0/drivers/dac/dac_sam_d_c_h/dac.o
 .debug_macro   0x00000dc0      0x16d src/ASF/sam0/drivers/dac/dac_sam_d_c_h/dac.o
 .debug_macro   0x00000f2d      0x64b src/ASF/sam0/drivers/dac/dac_sam_d_c_h/dac.o
 .debug_macro   0x00001578       0x22 src/ASF/sam0/drivers/dac/dac_sam_d_c_h/dac.o
 .debug_macro   0x0000159a       0x87 src/ASF/sam0/drivers/dac/dac_sam_d_c_h/dac.o
 .debug_macro   0x00001621       0x51 src/ASF/sam0/drivers/dac/dac_sam_d_c_h/dac.o
 .debug_macro   0x00001672       0xef src/ASF/sam0/drivers/dac/dac_sam_d_c_h/dac.o
 .debug_macro   0x00001761       0x6a src/ASF/sam0/drivers/dac/dac_sam_d_c_h/dac.o
 .debug_macro   0x000017cb      0x1df src/ASF/sam0/drivers/dac/dac_sam_d_c_h/dac.o
 .debug_macro   0x000019aa       0x10 src/ASF/sam0/drivers/dac/dac_sam_d_c_h/dac.o
 .debug_macro   0x000019ba       0x76 src/ASF/sam0/drivers/dac/dac_sam_d_c_h/dac.o
 .debug_macro   0x00001a30       0x16 src/ASF/sam0/drivers/dac/dac_sam_d_c_h/dac.o
 .debug_macro   0x00001a46      0x6e5 src/ASF/sam0/drivers/dac/dac_sam_d_c_h/dac.o
 .debug_macro   0x0000212b      0xde2 src/ASF/sam0/drivers/dac/dac_sam_d_c_h/dac.o
 .debug_macro   0x00002f0d       0x22 src/ASF/sam0/drivers/dac/dac_sam_d_c_h/dac.o
 .debug_macro   0x00002f2f       0x40 src/ASF/sam0/drivers/dac/dac_sam_d_c_h/dac.o
 .debug_macro   0x00002f6f       0x3a src/ASF/sam0/drivers/dac/dac_sam_d_c_h/dac.o
 .debug_macro   0x00002fa9       0x1f src/ASF/sam0/drivers/dac/dac_sam_d_c_h/dac.o
 .debug_macro   0x00002fc8      0x250 src/ASF/sam0/drivers/dac/dac_sam_d_c_h/dac.o
 .debug_macro   0x00003218      0x682 src/ASF/sam0/drivers/dac/dac_sam_d_c_h/dac.o
 .debug_macro   0x0000389a      0x8c1 src/ASF/sam0/drivers/dac/dac_sam_d_c_h/dac.o
 .debug_macro   0x0000415b      0x235 src/ASF/sam0/drivers/dac/dac_sam_d_c_h/dac.o
 .debug_macro   0x00004390      0xbde src/ASF/sam0/drivers/dac/dac_sam_d_c_h/dac.o
 .debug_macro   0x00004f6e      0x5b8 src/ASF/sam0/drivers/dac/dac_sam_d_c_h/dac.o
 .debug_macro   0x00005526      0x7cb src/ASF/sam0/drivers/dac/dac_sam_d_c_h/dac.o
 .debug_macro   0x00005cf1      0x4e6 src/ASF/sam0/drivers/dac/dac_sam_d_c_h/dac.o
 .debug_macro   0x000061d7      0x3ac src/ASF/sam0/drivers/dac/dac_sam_d_c_h/dac.o
 .debug_macro   0x00006583      0x19a src/ASF/sam0/drivers/dac/dac_sam_d_c_h/dac.o
 .debug_macro   0x0000671d      0x226 src/ASF/sam0/drivers/dac/dac_sam_d_c_h/dac.o
 .debug_macro   0x00006943      0x745 src/ASF/sam0/drivers/dac/dac_sam_d_c_h/dac.o
 .debug_macro   0x00007088       0x5e src/ASF/sam0/drivers/dac/dac_sam_d_c_h/dac.o
 .debug_macro   0x000070e6      0x610 src/ASF/sam0/drivers/dac/dac_sam_d_c_h/dac.o
 .debug_macro   0x000076f6      0x3b8 src/ASF/sam0/drivers/dac/dac_sam_d_c_h/dac.o
 .debug_macro   0x00007aae      0xc55 src/ASF/sam0/drivers/dac/dac_sam_d_c_h/dac.o
 .debug_macro   0x00008703     0x1093 src/ASF/sam0/drivers/dac/dac_sam_d_c_h/dac.o
 .debug_macro   0x00009796      0xc19 src/ASF/sam0/drivers/dac/dac_sam_d_c_h/dac.o
 .debug_macro   0x0000a3af      0x6c2 src/ASF/sam0/drivers/dac/dac_sam_d_c_h/dac.o
 .debug_macro   0x0000aa71     0x1b94 src/ASF/sam0/drivers/dac/dac_sam_d_c_h/dac.o
 .debug_macro   0x0000c605      0x351 src/ASF/sam0/drivers/dac/dac_sam_d_c_h/dac.o
 .debug_macro   0x0000c956       0x7c src/ASF/sam0/drivers/dac/dac_sam_d_c_h/dac.o
 .debug_macro   0x0000c9d2       0xa0 src/ASF/sam0/drivers/dac/dac_sam_d_c_h/dac.o
 .debug_macro   0x0000ca72       0x4c src/ASF/sam0/drivers/dac/dac_sam_d_c_h/dac.o
 .debug_macro   0x0000cabe       0xca src/ASF/sam0/drivers/dac/dac_sam_d_c_h/dac.o
 .debug_macro   0x0000cb88       0xbe src/ASF/sam0/drivers/dac/dac_sam_d_c_h/dac.o
 .debug_macro   0x0000cc46       0x58 src/ASF/sam0/drivers/dac/dac_sam_d_c_h/dac.o
 .debug_macro   0x0000cc9e      0x225 src/ASF/sam0/drivers/dac/dac_sam_d_c_h/dac.o
 .debug_macro   0x0000cec3       0x82 src/ASF/sam0/drivers/dac/dac_sam_d_c_h/dac.o
 .debug_macro   0x0000cf45      0x19a src/ASF/sam0/drivers/dac/dac_sam_d_c_h/dac.o
 .debug_macro   0x0000d0df       0xa0 src/ASF/sam0/drivers/dac/dac_sam_d_c_h/dac.o
 .debug_macro   0x0000d17f       0xc4 src/ASF/sam0/drivers/dac/dac_sam_d_c_h/dac.o
 .debug_macro   0x0000d243       0x1c src/ASF/sam0/drivers/dac/dac_sam_d_c_h/dac.o
 .debug_macro   0x0000d25f       0x1c src/ASF/sam0/drivers/dac/dac_sam_d_c_h/dac.o
 .debug_macro   0x0000d27b       0x1c src/ASF/sam0/drivers/dac/dac_sam_d_c_h/dac.o
 .debug_macro   0x0000d297       0x82 src/ASF/sam0/drivers/dac/dac_sam_d_c_h/dac.o
 .debug_macro   0x0000d319      0x112 src/ASF/sam0/drivers/dac/dac_sam_d_c_h/dac.o
 .debug_macro   0x0000d42b       0xdc src/ASF/sam0/drivers/dac/dac_sam_d_c_h/dac.o
 .debug_macro   0x0000d507      0x132 src/ASF/sam0/drivers/dac/dac_sam_d_c_h/dac.o
 .debug_macro   0x0000d639      0x132 src/ASF/sam0/drivers/dac/dac_sam_d_c_h/dac.o
 .debug_macro   0x0000d76b      0x11e src/ASF/sam0/drivers/dac/dac_sam_d_c_h/dac.o
 .debug_macro   0x0000d889       0xe2 src/ASF/sam0/drivers/dac/dac_sam_d_c_h/dac.o
 .debug_macro   0x0000d96b       0xe2 src/ASF/sam0/drivers/dac/dac_sam_d_c_h/dac.o
 .debug_macro   0x0000da4d      0x12f src/ASF/sam0/drivers/dac/dac_sam_d_c_h/dac.o
 .debug_macro   0x0000db7c       0x40 src/ASF/sam0/drivers/dac/dac_sam_d_c_h/dac.o
 .debug_macro   0x0000dbbc      0x2c7 src/ASF/sam0/drivers/dac/dac_sam_d_c_h/dac.o
 .debug_macro   0x0000de83      0x7bb src/ASF/sam0/drivers/dac/dac_sam_d_c_h/dac.o
 .debug_macro   0x0000e63e       0x5f src/ASF/sam0/drivers/dac/dac_sam_d_c_h/dac.o
 .debug_macro   0x0000e69d       0x52 src/ASF/sam0/drivers/dac/dac_sam_d_c_h/dac.o
 .debug_macro   0x0000e6ef       0x35 src/ASF/sam0/drivers/dac/dac_sam_d_c_h/dac.o
 .debug_macro   0x0000e724       0x9c src/ASF/sam0/drivers/dac/dac_sam_d_c_h/dac.o
 .debug_macro   0x0000e7c0       0x16 src/ASF/sam0/drivers/dac/dac_sam_d_c_h/dac.o
 .debug_macro   0x0000e7d6       0x35 src/ASF/sam0/drivers/dac/dac_sam_d_c_h/dac.o
 .debug_macro   0x0000e80b      0x330 src/ASF/sam0/drivers/dac/dac_sam_d_c_h/dac.o
 .debug_macro   0x0000eb3b       0x10 src/ASF/sam0/drivers/dac/dac_sam_d_c_h/dac.o
 .debug_macro   0x0000eb4b       0x52 src/ASF/sam0/drivers/dac/dac_sam_d_c_h/dac.o
 .debug_macro   0x0000eb9d       0x1f src/ASF/sam0/drivers/dac/dac_sam_d_c_h/dac.o
 .debug_macro   0x0000ebbc       0x43 src/ASF/sam0/drivers/dac/dac_sam_d_c_h/dac.o
 .debug_macro   0x0000ebff       0x20 src/ASF/sam0/drivers/dac/dac_sam_d_c_h/dac.o
 .debug_macro   0x0000ec1f      0x187 src/ASF/sam0/drivers/dac/dac_sam_d_c_h/dac.o
 .debug_macro   0x0000eda6       0x10 src/ASF/sam0/drivers/dac/dac_sam_d_c_h/dac.o
 .debug_macro   0x0000edb6       0x1c src/ASF/sam0/drivers/dac/dac_sam_d_c_h/dac.o
 .debug_macro   0x0000edd2       0x52 src/ASF/sam0/drivers/dac/dac_sam_d_c_h/dac.o
 .debug_macro   0x0000ee24       0x40 src/ASF/sam0/drivers/dac/dac_sam_d_c_h/dac.o
 .debug_macro   0x0000ee64       0x10 src/ASF/sam0/drivers/dac/dac_sam_d_c_h/dac.o
 .debug_macro   0x0000ee74       0x40 src/ASF/sam0/drivers/dac/dac_sam_d_c_h/dac.o
 .debug_macro   0x0000eeb4       0xd7 src/ASF/sam0/drivers/dac/dac_sam_d_c_h/dac.o
 .debug_macro   0x0000ef8b       0x16 src/ASF/sam0/drivers/dac/dac_sam_d_c_h/dac.o
 .debug_macro   0x0000efa1      0x18b src/ASF/sam0/drivers/dac/dac_sam_d_c_h/dac.o
 .debug_macro   0x0000f12c       0x16 src/ASF/sam0/drivers/dac/dac_sam_d_c_h/dac.o
 .debug_macro   0x0000f142       0x16 src/ASF/sam0/drivers/dac/dac_sam_d_c_h/dac.o
 .debug_macro   0x0000f158       0x29 src/ASF/sam0/drivers/dac/dac_sam_d_c_h/dac.o
 .debug_macro   0x0000f181       0x51 src/ASF/sam0/drivers/dac/dac_sam_d_c_h/dac.o
 .debug_macro   0x0000f1d2       0x3f src/ASF/sam0/drivers/dac/dac_sam_d_c_h/dac.o
 .debug_macro   0x0000f211      0x3df src/ASF/sam0/drivers/dac/dac_sam_d_c_h/dac.o
 .debug_macro   0x0000f5f0       0x11 src/ASF/sam0/drivers/dac/dac_sam_d_c_h/dac.o
 .debug_macro   0x0000f601       0x10 src/ASF/sam0/drivers/dac/dac_sam_d_c_h/dac.o
 .debug_macro   0x0000f611       0x2e src/ASF/sam0/drivers/dac/dac_sam_d_c_h/dac.o
 .debug_macro   0x0000f63f       0x18 src/ASF/sam0/drivers/dac/dac_sam_d_c_h/dac.o
 .debug_macro   0x0000f657       0x18 src/ASF/sam0/drivers/dac/dac_sam_d_c_h/dac.o
 .debug_macro   0x0000f66f       0x16 src/ASF/sam0/drivers/dac/dac_sam_d_c_h/dac.o
 .debug_macro   0x0000f685      0x4ec src/ASF/sam0/drivers/dac/dac_sam_d_c_h/dac_callback.o
 .debug_macro   0x0000fb71      0x50f src/ASF/sam0/drivers/extint/extint_sam_d_r_h/extint.o
 .debug_macro   0x00010080       0x1f src/ASF/sam0/drivers/extint/extint_sam_d_r_h/extint.o
 .debug_macro   0x0001009f       0x16 src/ASF/sam0/drivers/extint/extint_sam_d_r_h/extint.o
 .debug_macro   0x000100b5      0x5cb src/dacc_control.o
 .debug_macro   0x00010680       0x1c src/dacc_control.o
 .debug_macro   0x0001069c       0x16 src/dacc_control.o
 .debug_macro   0x000106b2       0x19 src/dacc_control.o
 .debug_macro   0x000106cb      0x2c6 src/dacc_control.o
 .debug_macro   0x00010991       0x11 src/dacc_control.o
 .debug_macro   0x000109a2       0x6c src/dacc_control.o
 .debug_macro   0x00010a0e       0x16 src/dacc_control.o
 .debug_macro   0x00010a24       0x10 src/dacc_control.o
 .debug_macro   0x00010a34       0x10 src/dacc_control.o
 .debug_macro   0x00010a44      0x4b5 src/ASF/sam0/drivers/extint/extint_callback.o
 .debug_macro   0x00010ef9      0x519 src/ASF/sam0/drivers/tc/tc_sam_d_r_h/tc.o
 .debug_macro   0x00011412       0x19 src/ASF/sam0/drivers/tc/tc_sam_d_r_h/tc.o
 .debug_macro   0x0001142b       0x51 src/ASF/sam0/drivers/tc/tc_sam_d_r_h/tc.o
 .debug_macro   0x0001147c      0x5b9 src/dacc.o
 .debug_macro   0x00011a35      0x5b8 src/timer.o
 .debug_macro   0x00011fed       0x1c src/timer.o
 .debug_macro   0x00012009      0x5b8 src/timer_control.o
 .debug_macro   0x000125c1      0x4fe src/ASF/sam0/drivers/tc/tc_interrupt.o
 .debug_macro   0x00012abf      0x4cb src/ASF/common2/services/delay/sam0/systick_counter.o
 .debug_macro   0x00012f8a       0x16 src/ASF/common2/services/delay/sam0/systick_counter.o
 .debug_macro   0x00012fa0      0x4ac src/ASF/sam0/drivers/port/port.o
 .debug_macro   0x0001344c      0x5af src/ASF/common2/boards/user_board/init.o
 .debug_macro   0x000139fb      0x490 src/ASF/common/utils/interrupt/interrupt_sam_nvic.o
 .debug_macro   0x00013e8b      0x4f5 src/ASF/sam0/drivers/system/clock/clock_samd09_d10_d11/clock.o
 .debug_macro   0x00014380      0x234 src/ASF/sam0/drivers/system/clock/clock_samd09_d10_d11/clock.o
 .debug_macro   0x000145b4      0x4c6 src/ASF/sam0/drivers/system/clock/clock_samd09_d10_d11/gclk.o
 .debug_macro   0x00014a7a      0x4a0 src/ASF/sam0/drivers/system/pinmux/pinmux.o
 .debug_macro   0x00014f1a       0x12 src/ASF/sam0/drivers/system/pinmux/pinmux.o
 .debug_macro   0x00014f2c      0x4d3 src/ASF/sam0/drivers/system/system.o
 .debug_macro   0x000153ff      0x277 src/ASF/sam0/utils/cmsis/samd10/source/gcc/startup_samd10.o
 .debug_macro   0x00015676       0x3a src/ASF/sam0/utils/cmsis/samd10/source/gcc/startup_samd10.o
 .debug_macro   0x000156b0      0x5cc src/main.o

.debug_line     0x00000000     0xd7d2
 .debug_line    0x00000000      0xc42 src/ASF/sam0/drivers/dac/dac_sam_d_c_h/dac.o
 .debug_line    0x00000c42      0xac3 src/ASF/sam0/drivers/dac/dac_sam_d_c_h/dac_callback.o
 .debug_line    0x00001705      0xbb4 src/ASF/sam0/drivers/extint/extint_sam_d_r_h/extint.o
 .debug_line    0x000022b9      0xc4a src/dacc_control.o
 .debug_line    0x00002f03      0x953 src/ASF/sam0/drivers/extint/extint_callback.o
 .debug_line    0x00003856      0xd16 src/ASF/sam0/drivers/tc/tc_sam_d_r_h/tc.o
 .debug_line    0x0000456c      0xc69 src/dacc.o
 .debug_line    0x000051d5      0xda8 src/timer.o
 .debug_line    0x00005f7d      0xc4a src/timer_control.o
 .debug_line    0x00006bc7      0x9f4 src/ASF/sam0/drivers/tc/tc_interrupt.o
 .debug_line    0x000075bb      0x944 src/ASF/common2/services/delay/sam0/systick_counter.o
 .debug_line    0x00007eff      0x87d src/ASF/sam0/drivers/port/port.o
 .debug_line    0x0000877c      0xc06 src/ASF/common2/boards/user_board/init.o
 .debug_line    0x00009382      0x851 src/ASF/common/utils/interrupt/interrupt_sam_nvic.o
 .debug_line    0x00009bd3      0xbce src/ASF/sam0/drivers/system/clock/clock_samd09_d10_d11/clock.o
 .debug_line    0x0000a7a1      0xbfa src/ASF/sam0/drivers/system/clock/clock_samd09_d10_d11/gclk.o
 .debug_line    0x0000b39b      0x8ca src/ASF/sam0/drivers/system/pinmux/pinmux.o
 .debug_line    0x0000bc65      0x971 src/ASF/sam0/drivers/system/system.o
 .debug_line    0x0000c5d6      0x5cd src/ASF/sam0/utils/cmsis/samd10/source/gcc/startup_samd10.o
 .debug_line    0x0000cba3      0xc2f src/main.o

.debug_str      0x00000000    0x69d65
 .debug_str     0x00000000    0x642e1 src/ASF/sam0/drivers/dac/dac_sam_d_c_h/dac.o
                              0x64902 (size before relaxing)
 .debug_str     0x000642e1      0x53c src/ASF/sam0/drivers/dac/dac_sam_d_c_h/dac_callback.o
                              0x641a5 (size before relaxing)
 .debug_str     0x0006481d      0x70d src/ASF/sam0/drivers/extint/extint_sam_d_r_h/extint.o
                              0x649ee (size before relaxing)
 .debug_str     0x00064f2a      0xe61 src/dacc_control.o
                              0x64dac (size before relaxing)
 .debug_str     0x00065d8b      0x131 src/ASF/sam0/drivers/extint/extint_callback.o
                              0x63bc0 (size before relaxing)
 .debug_str     0x00065ebc      0x7e4 src/ASF/sam0/drivers/tc/tc_sam_d_r_h/tc.o
                              0x64a5a (size before relaxing)
 .debug_str     0x000666a0      0x157 src/dacc.o
                              0x64fc9 (size before relaxing)
 .debug_str     0x000667f7      0x4e1 src/timer.o
                              0x65f53 (size before relaxing)
 .debug_str     0x00066cd8       0x84 src/timer_control.o
                              0x64adf (size before relaxing)
 .debug_str     0x00066d5c       0xde src/ASF/sam0/drivers/tc/tc_interrupt.o
                              0x6416b (size before relaxing)
 .debug_str     0x00066e3a       0xa6 src/ASF/common2/services/delay/sam0/systick_counter.o
                              0x6367f (size before relaxing)
 .debug_str     0x00066ee0       0x5e src/ASF/sam0/drivers/port/port.o
                              0x63886 (size before relaxing)
 .debug_str     0x00066f3e       0x3e src/ASF/common2/boards/user_board/init.o
                              0x64a31 (size before relaxing)
 .debug_str     0x00066f7c       0x94 src/ASF/common/utils/interrupt/interrupt_sam_nvic.o
                              0x6346f (size before relaxing)
 .debug_str     0x00067010     0x2176 src/ASF/sam0/drivers/system/clock/clock_samd09_d10_d11/clock.o
                              0x662c3 (size before relaxing)
 .debug_str     0x00069186      0x20f src/ASF/sam0/drivers/system/clock/clock_samd09_d10_d11/gclk.o
                              0x640c5 (size before relaxing)
 .debug_str     0x00069395      0x179 src/ASF/sam0/drivers/system/pinmux/pinmux.o
                              0x63911 (size before relaxing)
 .debug_str     0x0006950e       0x47 src/ASF/sam0/drivers/system/system.o
                              0x6354c (size before relaxing)
 .debug_str     0x00069555      0x7f9 src/ASF/sam0/utils/cmsis/samd10/source/gcc/startup_samd10.o
                              0x4edf8 (size before relaxing)
 .debug_str     0x00069d4e       0x17 src/main.o
                              0x64dbf (size before relaxing)

.debug_frame    0x00000000      0xc54
 .debug_frame   0x00000000      0x1a4 src/ASF/sam0/drivers/dac/dac_sam_d_c_h/dac.o
 .debug_frame   0x000001a4       0xd4 src/ASF/sam0/drivers/dac/dac_sam_d_c_h/dac_callback.o
 .debug_frame   0x00000278       0xb8 src/ASF/sam0/drivers/extint/extint_sam_d_r_h/extint.o
 .debug_frame   0x00000330       0x2c src/dacc_control.o
 .debug_frame   0x0000035c       0x7c src/ASF/sam0/drivers/extint/extint_callback.o
 .debug_frame   0x000003d8       0xa8 src/ASF/sam0/drivers/tc/tc_sam_d_r_h/tc.o
 .debug_frame   0x00000480       0x8c src/dacc.o
 .debug_frame   0x0000050c      0x168 src/timer.o
 .debug_frame   0x00000674       0x3c src/timer_control.o
 .debug_frame   0x000006b0       0x7c src/ASF/sam0/drivers/tc/tc_interrupt.o
 .debug_frame   0x0000072c       0x64 src/ASF/common2/services/delay/sam0/systick_counter.o
 .debug_frame   0x00000790       0x44 src/ASF/sam0/drivers/port/port.o
 .debug_frame   0x000007d4       0x20 src/ASF/common2/boards/user_board/init.o
 .debug_frame   0x000007f4       0x30 src/ASF/common/utils/interrupt/interrupt_sam_nvic.o
 .debug_frame   0x00000824      0x14c src/ASF/sam0/drivers/system/clock/clock_samd09_d10_d11/clock.o
 .debug_frame   0x00000970      0x148 src/ASF/sam0/drivers/system/clock/clock_samd09_d10_d11/gclk.o
 .debug_frame   0x00000ab8       0x98 src/ASF/sam0/drivers/system/pinmux/pinmux.o
 .debug_frame   0x00000b50       0x38 src/ASF/sam0/drivers/system/system.o
 .debug_frame   0x00000b88       0x38 src/ASF/sam0/utils/cmsis/samd10/source/gcc/startup_samd10.o
 .debug_frame   0x00000bc0       0x28 src/main.o
 .debug_frame   0x00000be8       0x20 c:/program files (x86)/atmel/studio/7.0/toolchain/arm/arm-gnu-toolchain/bin/../lib/gcc/arm-none-eabi/6.2.1/thumb/v6-m\libgcc.a(_udivsi3.o)
 .debug_frame   0x00000c08       0x20 c:/program files (x86)/atmel/studio/7.0/toolchain/arm/arm-gnu-toolchain/bin/../lib/gcc/arm-none-eabi/6.2.1/thumb/v6-m\libgcc.a(_divsi3.o)
 .debug_frame   0x00000c28       0x2c c:/program files (x86)/atmel/studio/7.0/toolchain/arm/arm-gnu-toolchain/bin/../lib/gcc/arm-none-eabi/6.2.1/../../../../arm-none-eabi/lib/thumb/v6-m\libc_nano.a(lib_a-init.o)

Cross Reference Table

Symbol                                            File
AC_Handler                                        src/ASF/sam0/utils/cmsis/samd10/source/gcc/startup_samd10.o
ADC_Handler                                       src/ASF/sam0/utils/cmsis/samd10/source/gcc/startup_samd10.o
DAC_Handler                                       src/ASF/sam0/drivers/dac/dac_sam_d_c_h/dac_callback.o
DMAC_Handler                                      src/ASF/sam0/utils/cmsis/samd10/source/gcc/startup_samd10.o
Dummy_Handler                                     src/ASF/sam0/utils/cmsis/samd10/source/gcc/startup_samd10.o
EIC_Handler                                       src/ASF/sam0/drivers/extint/extint_callback.o
EVSYS_Handler                                     src/ASF/sam0/utils/cmsis/samd10/source/gcc/startup_samd10.o
HardFault_Handler                                 src/ASF/sam0/utils/cmsis/samd10/source/gcc/startup_samd10.o
NMI_Handler                                       src/ASF/sam0/utils/cmsis/samd10/source/gcc/startup_samd10.o
NVMCTRL_Handler                                   src/ASF/sam0/utils/cmsis/samd10/source/gcc/startup_samd10.o
PM_Handler                                        src/ASF/sam0/utils/cmsis/samd10/source/gcc/startup_samd10.o
PTC_Handler                                       src/ASF/sam0/utils/cmsis/samd10/source/gcc/startup_samd10.o
PendSV_Handler                                    src/ASF/sam0/utils/cmsis/samd10/source/gcc/startup_samd10.o
RTC_Handler                                       src/ASF/sam0/utils/cmsis/samd10/source/gcc/startup_samd10.o
Reset_Handler                                     src/ASF/sam0/utils/cmsis/samd10/source/gcc/startup_samd10.o
SERCOM0_Handler                                   src/ASF/sam0/utils/cmsis/samd10/source/gcc/startup_samd10.o
SERCOM1_Handler                                   src/ASF/sam0/utils/cmsis/samd10/source/gcc/startup_samd10.o
SVC_Handler                                       src/ASF/sam0/utils/cmsis/samd10/source/gcc/startup_samd10.o
SYSCTRL_Handler                                   src/ASF/sam0/utils/cmsis/samd10/source/gcc/startup_samd10.o
SysTick_Handler                                   src/ASF/sam0/utils/cmsis/samd10/source/gcc/startup_samd10.o
SystemCoreClock                                   src/ASF/sam0/utils/cmsis/samd10/source/system_samd10.o
SystemCoreClockUpdate                             src/ASF/sam0/utils/cmsis/samd10/source/system_samd10.o
SystemInit                                        src/ASF/sam0/utils/cmsis/samd10/source/system_samd10.o
TC1_Handler                                       src/ASF/sam0/drivers/tc/tc_interrupt.o
TC2_Handler                                       src/ASF/sam0/drivers/tc/tc_interrupt.o
TCC0_Handler                                      src/ASF/sam0/utils/cmsis/samd10/source/gcc/startup_samd10.o
WDT_Handler                                       src/ASF/sam0/utils/cmsis/samd10/source/gcc/startup_samd10.o
_Jv_RegisterClasses                               c:/program files (x86)/atmel/studio/7.0/toolchain/arm/arm-gnu-toolchain/bin/../lib/gcc/arm-none-eabi/6.2.1/thumb/v6-m/crtbegin.o
__aeabi_idiv                                      c:/program files (x86)/atmel/studio/7.0/toolchain/arm/arm-gnu-toolchain/bin/../lib/gcc/arm-none-eabi/6.2.1/thumb/v6-m\libgcc.a(_divsi3.o)
                                                  src/timer_control.o
                                                  src/dacc_control.o
__aeabi_idiv0                                     c:/program files (x86)/atmel/studio/7.0/toolchain/arm/arm-gnu-toolchain/bin/../lib/gcc/arm-none-eabi/6.2.1/thumb/v6-m\libgcc.a(_dvmd_tls.o)
                                                  c:/program files (x86)/atmel/studio/7.0/toolchain/arm/arm-gnu-toolchain/bin/../lib/gcc/arm-none-eabi/6.2.1/thumb/v6-m\libgcc.a(_divsi3.o)
                                                  c:/program files (x86)/atmel/studio/7.0/toolchain/arm/arm-gnu-toolchain/bin/../lib/gcc/arm-none-eabi/6.2.1/thumb/v6-m\libgcc.a(_udivsi3.o)
__aeabi_idivmod                                   c:/program files (x86)/atmel/studio/7.0/toolchain/arm/arm-gnu-toolchain/bin/../lib/gcc/arm-none-eabi/6.2.1/thumb/v6-m\libgcc.a(_divsi3.o)
__aeabi_ldiv0                                     c:/program files (x86)/atmel/studio/7.0/toolchain/arm/arm-gnu-toolchain/bin/../lib/gcc/arm-none-eabi/6.2.1/thumb/v6-m\libgcc.a(_dvmd_tls.o)
__aeabi_uidiv                                     c:/program files (x86)/atmel/studio/7.0/toolchain/arm/arm-gnu-toolchain/bin/../lib/gcc/arm-none-eabi/6.2.1/thumb/v6-m\libgcc.a(_udivsi3.o)
                                                  src/ASF/sam0/drivers/system/clock/clock_samd09_d10_d11/gclk.o
                                                  src/ASF/sam0/drivers/system/clock/clock_samd09_d10_d11/clock.o
                                                  src/ASF/common2/services/delay/sam0/systick_counter.o
__aeabi_uidivmod                                  c:/program files (x86)/atmel/studio/7.0/toolchain/arm/arm-gnu-toolchain/bin/../lib/gcc/arm-none-eabi/6.2.1/thumb/v6-m\libgcc.a(_udivsi3.o)
__bss_end__                                       c:/program files (x86)/atmel/studio/7.0/toolchain/arm/arm-gnu-toolchain/bin/../lib/gcc/arm-none-eabi/6.2.1/../../../../arm-none-eabi/lib/thumb/v6-m/crt0.o
__bss_start__                                     c:/program files (x86)/atmel/studio/7.0/toolchain/arm/arm-gnu-toolchain/bin/../lib/gcc/arm-none-eabi/6.2.1/../../../../arm-none-eabi/lib/thumb/v6-m/crt0.o
__call_exitprocs                                  c:/program files (x86)/atmel/studio/7.0/toolchain/arm/arm-gnu-toolchain/bin/../lib/gcc/arm-none-eabi/6.2.1/../../../../arm-none-eabi/lib/thumb/v6-m\libc_nano.a(lib_a-exit.o)
__deregister_frame_info                           c:/program files (x86)/atmel/studio/7.0/toolchain/arm/arm-gnu-toolchain/bin/../lib/gcc/arm-none-eabi/6.2.1/thumb/v6-m/crtbegin.o
__divsi3                                          c:/program files (x86)/atmel/studio/7.0/toolchain/arm/arm-gnu-toolchain/bin/../lib/gcc/arm-none-eabi/6.2.1/thumb/v6-m\libgcc.a(_divsi3.o)
__dso_handle                                      c:/program files (x86)/atmel/studio/7.0/toolchain/arm/arm-gnu-toolchain/bin/../lib/gcc/arm-none-eabi/6.2.1/thumb/v6-m/crtbegin.o
__init_array_end                                  c:/program files (x86)/atmel/studio/7.0/toolchain/arm/arm-gnu-toolchain/bin/../lib/gcc/arm-none-eabi/6.2.1/../../../../arm-none-eabi/lib/thumb/v6-m\libc_nano.a(lib_a-init.o)
__init_array_start                                c:/program files (x86)/atmel/studio/7.0/toolchain/arm/arm-gnu-toolchain/bin/../lib/gcc/arm-none-eabi/6.2.1/../../../../arm-none-eabi/lib/thumb/v6-m\libc_nano.a(lib_a-init.o)
__libc_fini_array                                 c:/program files (x86)/atmel/studio/7.0/toolchain/arm/arm-gnu-toolchain/bin/../lib/gcc/arm-none-eabi/6.2.1/../../../../arm-none-eabi/lib/thumb/v6-m/crt0.o
__libc_init_array                                 c:/program files (x86)/atmel/studio/7.0/toolchain/arm/arm-gnu-toolchain/bin/../lib/gcc/arm-none-eabi/6.2.1/../../../../arm-none-eabi/lib/thumb/v6-m\libc_nano.a(lib_a-init.o)
                                                  src/ASF/sam0/utils/cmsis/samd10/source/gcc/startup_samd10.o
                                                  c:/program files (x86)/atmel/studio/7.0/toolchain/arm/arm-gnu-toolchain/bin/../lib/gcc/arm-none-eabi/6.2.1/../../../../arm-none-eabi/lib/thumb/v6-m/crt0.o
__preinit_array_end                               c:/program files (x86)/atmel/studio/7.0/toolchain/arm/arm-gnu-toolchain/bin/../lib/gcc/arm-none-eabi/6.2.1/../../../../arm-none-eabi/lib/thumb/v6-m\libc_nano.a(lib_a-init.o)
__preinit_array_start                             c:/program files (x86)/atmel/studio/7.0/toolchain/arm/arm-gnu-toolchain/bin/../lib/gcc/arm-none-eabi/6.2.1/../../../../arm-none-eabi/lib/thumb/v6-m\libc_nano.a(lib_a-init.o)
__register_frame_info                             c:/program files (x86)/atmel/studio/7.0/toolchain/arm/arm-gnu-toolchain/bin/../lib/gcc/arm-none-eabi/6.2.1/thumb/v6-m/crtbegin.o
__sf_fake_stderr                                  c:/program files (x86)/atmel/studio/7.0/toolchain/arm/arm-gnu-toolchain/bin/../lib/gcc/arm-none-eabi/6.2.1/../../../../arm-none-eabi/lib/thumb/v6-m\libc_nano.a(lib_a-impure.o)
__sf_fake_stdin                                   c:/program files (x86)/atmel/studio/7.0/toolchain/arm/arm-gnu-toolchain/bin/../lib/gcc/arm-none-eabi/6.2.1/../../../../arm-none-eabi/lib/thumb/v6-m\libc_nano.a(lib_a-impure.o)
__sf_fake_stdout                                  c:/program files (x86)/atmel/studio/7.0/toolchain/arm/arm-gnu-toolchain/bin/../lib/gcc/arm-none-eabi/6.2.1/../../../../arm-none-eabi/lib/thumb/v6-m\libc_nano.a(lib_a-impure.o)
__stack                                           c:/program files (x86)/atmel/studio/7.0/toolchain/arm/arm-gnu-toolchain/bin/../lib/gcc/arm-none-eabi/6.2.1/../../../../arm-none-eabi/lib/thumb/v6-m/crt0.o
__udivsi3                                         c:/program files (x86)/atmel/studio/7.0/toolchain/arm/arm-gnu-toolchain/bin/../lib/gcc/arm-none-eabi/6.2.1/thumb/v6-m\libgcc.a(_udivsi3.o)
_close                                            src/ASF/sam0/utils/syscalls/gcc/syscalls.o
_current_channel                                  src/ASF/sam0/drivers/extint/extint_callback.o
_dac_instances                                    src/ASF/sam0/drivers/dac/dac_sam_d_c_h/dac_callback.o
                                                  src/ASF/sam0/drivers/dac/dac_sam_d_c_h/dac.o
_end                                              src/ASF/sam0/utils/syscalls/gcc/syscalls.o
_erelocate                                        src/ASF/sam0/utils/cmsis/samd10/source/gcc/startup_samd10.o
_estack                                           src/ASF/sam0/utils/cmsis/samd10/source/gcc/startup_samd10.o
_etext                                            src/ASF/sam0/utils/cmsis/samd10/source/gcc/startup_samd10.o
_exit                                             src/ASF/sam0/utils/syscalls/gcc/syscalls.o
                                                  c:/program files (x86)/atmel/studio/7.0/toolchain/arm/arm-gnu-toolchain/bin/../lib/gcc/arm-none-eabi/6.2.1/../../../../arm-none-eabi/lib/thumb/v6-m\libc_nano.a(lib_a-exit.o)
_extint_dev                                       src/ASF/sam0/drivers/extint/extint_sam_d_r_h/extint.o
                                                  src/ASF/sam0/drivers/extint/extint_callback.o
_ezero                                            src/ASF/sam0/utils/cmsis/samd10/source/gcc/startup_samd10.o
_fini                                             c:/program files (x86)/atmel/studio/7.0/toolchain/arm/arm-gnu-toolchain/bin/../lib/gcc/arm-none-eabi/6.2.1/thumb/v6-m/crti.o
_fstat                                            src/ASF/sam0/utils/syscalls/gcc/syscalls.o
_getpid                                           src/ASF/sam0/utils/syscalls/gcc/syscalls.o
_global_impure_ptr                                c:/program files (x86)/atmel/studio/7.0/toolchain/arm/arm-gnu-toolchain/bin/../lib/gcc/arm-none-eabi/6.2.1/../../../../arm-none-eabi/lib/thumb/v6-m\libc_nano.a(lib_a-impure.o)
                                                  c:/program files (x86)/atmel/studio/7.0/toolchain/arm/arm-gnu-toolchain/bin/../lib/gcc/arm-none-eabi/6.2.1/../../../../arm-none-eabi/lib/thumb/v6-m\libc_nano.a(lib_a-exit.o)
_impure_ptr                                       c:/program files (x86)/atmel/studio/7.0/toolchain/arm/arm-gnu-toolchain/bin/../lib/gcc/arm-none-eabi/6.2.1/../../../../arm-none-eabi/lib/thumb/v6-m\libc_nano.a(lib_a-impure.o)
_init                                             c:/program files (x86)/atmel/studio/7.0/toolchain/arm/arm-gnu-toolchain/bin/../lib/gcc/arm-none-eabi/6.2.1/thumb/v6-m/crti.o
                                                  c:/program files (x86)/atmel/studio/7.0/toolchain/arm/arm-gnu-toolchain/bin/../lib/gcc/arm-none-eabi/6.2.1/../../../../arm-none-eabi/lib/thumb/v6-m\libc_nano.a(lib_a-init.o)
_isatty                                           src/ASF/sam0/utils/syscalls/gcc/syscalls.o
_kill                                             src/ASF/sam0/utils/syscalls/gcc/syscalls.o
_lseek                                            src/ASF/sam0/utils/syscalls/gcc/syscalls.o
_mainCRTStartup                                   c:/program files (x86)/atmel/studio/7.0/toolchain/arm/arm-gnu-toolchain/bin/../lib/gcc/arm-none-eabi/6.2.1/../../../../arm-none-eabi/lib/thumb/v6-m/crt0.o
_sbrk                                             src/ASF/sam0/utils/syscalls/gcc/syscalls.o
_sfixed                                           src/ASF/sam0/utils/cmsis/samd10/source/gcc/startup_samd10.o
_srelocate                                        src/ASF/sam0/utils/cmsis/samd10/source/gcc/startup_samd10.o
_start                                            c:/program files (x86)/atmel/studio/7.0/toolchain/arm/arm-gnu-toolchain/bin/../lib/gcc/arm-none-eabi/6.2.1/../../../../arm-none-eabi/lib/thumb/v6-m/crt0.o
_system_divas_init                                src/ASF/sam0/drivers/system/system.o
_system_dummy_init                                src/ASF/sam0/drivers/system/system.o
_system_events_init                               src/ASF/sam0/drivers/system/system.o
_system_extint_init                               src/ASF/sam0/drivers/extint/extint_sam_d_r_h/extint.o
_szero                                            src/ASF/sam0/utils/cmsis/samd10/source/gcc/startup_samd10.o
_tc_get_inst_index                                src/ASF/sam0/drivers/tc/tc_sam_d_r_h/tc.o
                                                  src/timer.o
_tc_instances                                     src/ASF/sam0/drivers/tc/tc_interrupt.o
                                                  src/ASF/sam0/drivers/tc/tc_sam_d_r_h/tc.o
_tc_interrupt_handler                             src/ASF/sam0/drivers/tc/tc_interrupt.o
atexit                                            c:/program files (x86)/atmel/studio/7.0/toolchain/arm/arm-gnu-toolchain/bin/../lib/gcc/arm-none-eabi/6.2.1/../../../../arm-none-eabi/lib/thumb/v6-m/crt0.o
board_init                                        src/ASF/common2/boards/user_board/init.o
config_ds                                         src/timer.o
                                                  src/main.o
config_extint_callbacks_ds                        src/timer.o
config_extint_channel_ds                          src/timer.o
config_extint_ds                                  src/timer.o
config_pins_ds                                    src/timer.o
config_pins_timer_ds                              src/timer.o
config_tc1_ds                                     src/timer.o
configure_dac                                     src/dacc.o
configure_dac_channel                             src/dacc.o
configure_dac_pins                                src/dacc.o
convert_digital                                   src/dacc_control.o
                                                  src/main.o
cpu_irq_enter_critical                            src/ASF/common/utils/interrupt/interrupt_sam_nvic.o
                                                  src/ASF/sam0/drivers/system/clock/clock_samd09_d10_d11/gclk.o
cpu_irq_leave_critical                            src/ASF/common/utils/interrupt/interrupt_sam_nvic.o
                                                  src/ASF/sam0/drivers/system/clock/clock_samd09_d10_d11/gclk.o
dac_chan_abort_job                                src/ASF/sam0/drivers/dac/dac_sam_d_c_h/dac_callback.o
dac_chan_disable                                  src/ASF/sam0/drivers/dac/dac_sam_d_c_h/dac.o
dac_chan_disable_callback                         src/ASF/sam0/drivers/dac/dac_sam_d_c_h/dac_callback.o
dac_chan_disable_output_buffer                    src/ASF/sam0/drivers/dac/dac_sam_d_c_h/dac.o
dac_chan_enable                                   src/ASF/sam0/drivers/dac/dac_sam_d_c_h/dac.o
                                                  src/dacc.o
dac_chan_enable_callback                          src/ASF/sam0/drivers/dac/dac_sam_d_c_h/dac_callback.o
dac_chan_enable_output_buffer                     src/ASF/sam0/drivers/dac/dac_sam_d_c_h/dac.o
dac_chan_get_config_defaults                      src/ASF/sam0/drivers/dac/dac_sam_d_c_h/dac.o
                                                  src/dacc.o
dac_chan_get_job_status                           src/ASF/sam0/drivers/dac/dac_sam_d_c_h/dac_callback.o
dac_chan_set_config                               src/ASF/sam0/drivers/dac/dac_sam_d_c_h/dac.o
                                                  src/dacc.o
dac_chan_write                                    src/ASF/sam0/drivers/dac/dac_sam_d_c_h/dac.o
                                                  src/dacc_control.o
dac_chan_write_buffer_job                         src/ASF/sam0/drivers/dac/dac_sam_d_c_h/dac_callback.o
dac_chan_write_buffer_wait                        src/ASF/sam0/drivers/dac/dac_sam_d_c_h/dac.o
dac_chan_write_job                                src/ASF/sam0/drivers/dac/dac_sam_d_c_h/dac_callback.o
dac_clear_status                                  src/ASF/sam0/drivers/dac/dac_sam_d_c_h/dac.o
dac_disable                                       src/ASF/sam0/drivers/dac/dac_sam_d_c_h/dac.o
dac_disable_events                                src/ASF/sam0/drivers/dac/dac_sam_d_c_h/dac.o
dac_enable                                        src/ASF/sam0/drivers/dac/dac_sam_d_c_h/dac.o
                                                  src/dacc.o
dac_enable_events                                 src/ASF/sam0/drivers/dac/dac_sam_d_c_h/dac.o
dac_get_config_defaults                           src/ASF/sam0/drivers/dac/dac_sam_d_c_h/dac.o
                                                  src/dacc.o
dac_get_status                                    src/ASF/sam0/drivers/dac/dac_sam_d_c_h/dac.o
dac_init                                          src/ASF/sam0/drivers/dac/dac_sam_d_c_h/dac.o
                                                  src/dacc.o
dac_instance_ds                                   src/main.o
                                                  src/dacc.o
                                                  src/dacc_control.o
dac_is_syncing                                    src/ASF/sam0/drivers/dac/dac_sam_d_c_h/dac.o
                                                  src/ASF/sam0/drivers/dac/dac_sam_d_c_h/dac_callback.o
dac_register_callback                             src/ASF/sam0/drivers/dac/dac_sam_d_c_h/dac_callback.o
dac_reset                                         src/ASF/sam0/drivers/dac/dac_sam_d_c_h/dac.o
dac_unregister_callback                           src/ASF/sam0/drivers/dac/dac_sam_d_c_h/dac_callback.o
delay_cycles_ms                                   src/ASF/common2/services/delay/sam0/systick_counter.o
delay_cycles_us                                   src/ASF/common2/services/delay/sam0/systick_counter.o
                                                  src/timer.o
delay_init                                        src/ASF/common2/services/delay/sam0/systick_counter.o
                                                  src/main.o
disable_extint_ds                                 src/timer.o
disable_tc1_ds                                    src/timer.o
echo_detection_callback                           src/timer.o
enable_dac                                        src/dacc.o
enable_extint_ds                                  src/timer.o
enable_tc1_ds                                     src/timer.o
exception_table                                   src/ASF/sam0/utils/cmsis/samd10/source/gcc/startup_samd10.o
exit                                              c:/program files (x86)/atmel/studio/7.0/toolchain/arm/arm-gnu-toolchain/bin/../lib/gcc/arm-none-eabi/6.2.1/../../../../arm-none-eabi/lib/thumb/v6-m\libc_nano.a(lib_a-exit.o)
                                                  c:/program files (x86)/atmel/studio/7.0/toolchain/arm/arm-gnu-toolchain/bin/../lib/gcc/arm-none-eabi/6.2.1/../../../../arm-none-eabi/lib/thumb/v6-m/crt0.o
extint_chan_disable_callback                      src/ASF/sam0/drivers/extint/extint_callback.o
                                                  src/timer.o
extint_chan_enable_callback                       src/ASF/sam0/drivers/extint/extint_callback.o
                                                  src/timer.o
extint_chan_get_config_defaults                   src/ASF/sam0/drivers/extint/extint_sam_d_r_h/extint.o
                                                  src/timer.o
extint_chan_set_config                            src/ASF/sam0/drivers/extint/extint_sam_d_r_h/extint.o
                                                  src/timer.o
extint_disable_events                             src/ASF/sam0/drivers/extint/extint_sam_d_r_h/extint.o
extint_enable_events                              src/ASF/sam0/drivers/extint/extint_sam_d_r_h/extint.o
extint_get_current_channel                        src/ASF/sam0/drivers/extint/extint_callback.o
extint_nmi_set_config                             src/ASF/sam0/drivers/extint/extint_sam_d_r_h/extint.o
extint_register_callback                          src/ASF/sam0/drivers/extint/extint_callback.o
                                                  src/timer.o
extint_unregister_callback                        src/ASF/sam0/drivers/extint/extint_callback.o
filter_digital                                    src/timer_control.o
                                                  src/test.o
g_interrupt_enabled                               src/ASF/common/utils/interrupt/interrupt_sam_nvic.o
hardware_init_hook                                c:/program files (x86)/atmel/studio/7.0/toolchain/arm/arm-gnu-toolchain/bin/../lib/gcc/arm-none-eabi/6.2.1/../../../../arm-none-eabi/lib/thumb/v6-m/crt0.o
init_dac                                          src/dacc.o
                                                  src/main.o
link                                              src/ASF/sam0/utils/syscalls/gcc/syscalls.o
main                                              src/main.o
                                                  src/ASF/sam0/utils/cmsis/samd10/source/gcc/startup_samd10.o
                                                  c:/program files (x86)/atmel/studio/7.0/toolchain/arm/arm-gnu-toolchain/bin/../lib/gcc/arm-none-eabi/6.2.1/../../../../arm-none-eabi/lib/thumb/v6-m/crt0.o
memset                                            c:/program files (x86)/atmel/studio/7.0/toolchain/arm/arm-gnu-toolchain/bin/../lib/gcc/arm-none-eabi/6.2.1/../../../../arm-none-eabi/lib/thumb/v6-m\libc_nano.a(lib_a-memset.o)
                                                  c:/program files (x86)/atmel/studio/7.0/toolchain/arm/arm-gnu-toolchain/bin/../lib/gcc/arm-none-eabi/6.2.1/../../../../arm-none-eabi/lib/thumb/v6-m/crt0.o
port_group_set_config                             src/ASF/sam0/drivers/port/port.o
port_pin_set_config                               src/ASF/sam0/drivers/port/port.o
                                                  src/timer.o
                                                  src/dacc.o
pulse_width                                       src/main.o
                                                  src/timer_control.o
                                                  src/timer.o
read_ds_digital                                   src/timer_control.o
                                                  src/dacc_control.o
ready_distance_digital                            src/main.o
                                                  src/timer_control.o
                                                  src/timer.o
rising_edge                                       src/main.o
                                                  src/timer.o
software_init_hook                                c:/program files (x86)/atmel/studio/7.0/toolchain/arm/arm-gnu-toolchain/bin/../lib/gcc/arm-none-eabi/6.2.1/../../../../arm-none-eabi/lib/thumb/v6-m/crt0.o
system_board_init                                 src/ASF/common2/boards/user_board/init.o
system_clock_init                                 src/ASF/sam0/drivers/system/clock/clock_samd09_d10_d11/clock.o
system_clock_source_dfll_set_config               src/ASF/sam0/drivers/system/clock/clock_samd09_d10_d11/clock.o
system_clock_source_disable                       src/ASF/sam0/drivers/system/clock/clock_samd09_d10_d11/clock.o
system_clock_source_dpll_set_config               src/ASF/sam0/drivers/system/clock/clock_samd09_d10_d11/clock.o
system_clock_source_enable                        src/ASF/sam0/drivers/system/clock/clock_samd09_d10_d11/clock.o
system_clock_source_get_hz                        src/ASF/sam0/drivers/system/clock/clock_samd09_d10_d11/clock.o
                                                  src/ASF/sam0/drivers/system/clock/clock_samd09_d10_d11/gclk.o
system_clock_source_is_ready                      src/ASF/sam0/drivers/system/clock/clock_samd09_d10_d11/clock.o
system_clock_source_osc32k_set_config             src/ASF/sam0/drivers/system/clock/clock_samd09_d10_d11/clock.o
system_clock_source_osc8m_set_config              src/ASF/sam0/drivers/system/clock/clock_samd09_d10_d11/clock.o
system_clock_source_write_calibration             src/ASF/sam0/drivers/system/clock/clock_samd09_d10_d11/clock.o
system_clock_source_xosc32k_set_config            src/ASF/sam0/drivers/system/clock/clock_samd09_d10_d11/clock.o
system_clock_source_xosc_set_config               src/ASF/sam0/drivers/system/clock/clock_samd09_d10_d11/clock.o
system_gclk_chan_disable                          src/ASF/sam0/drivers/system/clock/clock_samd09_d10_d11/gclk.o
                                                  src/ASF/sam0/drivers/extint/extint_sam_d_r_h/extint.o
system_gclk_chan_enable                           src/ASF/sam0/drivers/system/clock/clock_samd09_d10_d11/gclk.o
                                                  src/ASF/sam0/drivers/tc/tc_sam_d_r_h/tc.o
                                                  src/ASF/sam0/drivers/extint/extint_sam_d_r_h/extint.o
                                                  src/ASF/sam0/drivers/dac/dac_sam_d_c_h/dac.o
system_gclk_chan_get_hz                           src/ASF/sam0/drivers/system/clock/clock_samd09_d10_d11/gclk.o
                                                  src/ASF/sam0/drivers/system/clock/clock_samd09_d10_d11/clock.o
system_gclk_chan_is_enabled                       src/ASF/sam0/drivers/system/clock/clock_samd09_d10_d11/gclk.o
system_gclk_chan_is_locked                        src/ASF/sam0/drivers/system/clock/clock_samd09_d10_d11/gclk.o
system_gclk_chan_lock                             src/ASF/sam0/drivers/system/clock/clock_samd09_d10_d11/gclk.o
system_gclk_chan_set_config                       src/ASF/sam0/drivers/system/clock/clock_samd09_d10_d11/gclk.o
                                                  src/ASF/sam0/drivers/system/clock/clock_samd09_d10_d11/clock.o
                                                  src/ASF/sam0/drivers/tc/tc_sam_d_r_h/tc.o
                                                  src/ASF/sam0/drivers/extint/extint_sam_d_r_h/extint.o
                                                  src/ASF/sam0/drivers/dac/dac_sam_d_c_h/dac.o
system_gclk_gen_disable                           src/ASF/sam0/drivers/system/clock/clock_samd09_d10_d11/gclk.o
system_gclk_gen_enable                            src/ASF/sam0/drivers/system/clock/clock_samd09_d10_d11/gclk.o
                                                  src/ASF/sam0/drivers/system/clock/clock_samd09_d10_d11/clock.o
system_gclk_gen_get_hz                            src/ASF/sam0/drivers/system/clock/clock_samd09_d10_d11/gclk.o
                                                  src/ASF/common2/services/delay/sam0/systick_counter.o
system_gclk_gen_is_enabled                        src/ASF/sam0/drivers/system/clock/clock_samd09_d10_d11/gclk.o
system_gclk_gen_set_config                        src/ASF/sam0/drivers/system/clock/clock_samd09_d10_d11/gclk.o
                                                  src/ASF/sam0/drivers/system/clock/clock_samd09_d10_d11/clock.o
system_gclk_init                                  src/ASF/sam0/drivers/system/clock/clock_samd09_d10_d11/gclk.o
                                                  src/ASF/sam0/drivers/system/clock/clock_samd09_d10_d11/clock.o
system_init                                       src/ASF/sam0/drivers/system/system.o
                                                  src/main.o
system_interrupt_clear_pending                    src/ASF/sam0/drivers/system/interrupt/system_interrupt.o
system_interrupt_get_priority                     src/ASF/sam0/drivers/system/interrupt/system_interrupt.o
system_interrupt_is_pending                       src/ASF/sam0/drivers/system/interrupt/system_interrupt.o
system_interrupt_set_pending                      src/ASF/sam0/drivers/system/interrupt/system_interrupt.o
system_interrupt_set_priority                     src/ASF/sam0/drivers/system/interrupt/system_interrupt.o
system_pinmux_group_set_config                    src/ASF/sam0/drivers/system/pinmux/pinmux.o
                                                  src/ASF/sam0/drivers/port/port.o
system_pinmux_group_set_input_sample_mode         src/ASF/sam0/drivers/system/pinmux/pinmux.o
system_pinmux_group_set_output_strength           src/ASF/sam0/drivers/system/pinmux/pinmux.o
system_pinmux_pin_set_config                      src/ASF/sam0/drivers/system/pinmux/pinmux.o
                                                  src/ASF/sam0/drivers/port/port.o
                                                  src/ASF/sam0/drivers/tc/tc_sam_d_r_h/tc.o
                                                  src/ASF/sam0/drivers/extint/extint_sam_d_r_h/extint.o
                                                  src/ASF/sam0/drivers/dac/dac_sam_d_c_h/dac.o
tc1_callbacks_ds                                  src/timer.o
tc_callback_trigger                               src/timer.o
tc_get_capture_value                              src/ASF/sam0/drivers/tc/tc_sam_d_r_h/tc.o
tc_get_count_value                                src/ASF/sam0/drivers/tc/tc_sam_d_r_h/tc.o
                                                  src/timer.o
tc_init                                           src/ASF/sam0/drivers/tc/tc_sam_d_r_h/tc.o
                                                  src/timer.o
tc_instance_ds                                    src/timer.o
tc_register_callback                              src/ASF/sam0/drivers/tc/tc_interrupt.o
                                                  src/timer.o
tc_reset                                          src/ASF/sam0/drivers/tc/tc_sam_d_r_h/tc.o
tc_set_compare_value                              src/ASF/sam0/drivers/tc/tc_sam_d_r_h/tc.o
tc_set_count_value                                src/ASF/sam0/drivers/tc/tc_sam_d_r_h/tc.o
                                                  src/timer.o
tc_set_top_value                                  src/ASF/sam0/drivers/tc/tc_sam_d_r_h/tc.o
tc_unregister_callback                            src/ASF/sam0/drivers/tc/tc_interrupt.o
test                                              src/test.o
